C:\ST\STM32CubeIDE_1.19.0\STM32CubeIDE\plugins\com.st.stm32cube.ide.mcu.externaltools.gnu-tools-for-stm32.13.3.rel1.win32_1.0.0.202411081344\tools\arm-none-eabi\include\c++\13.3.1\arm-none-eabi\thumb\v7e-m+dp\hard\bits\c++config.h:540:3:constexpr bool std::__is_constant_evaluated()	4	static
C:\ST\STM32CubeIDE_1.19.0\STM32CubeIDE\plugins\com.st.stm32cube.ide.mcu.externaltools.gnu-tools-for-stm32.13.3.rel1.win32_1.0.0.202411081344\tools\bin/../lib/gcc/arm-none-eabi/13.3.1/../../../../arm-none-eabi/include/c++/13.3.1/cmath:1144:3:constexpr bool std::isinf(float)	16	static
C:\ST\STM32CubeIDE_1.19.0\STM32CubeIDE\plugins\com.st.stm32cube.ide.mcu.externaltools.gnu-tools-for-stm32.13.3.rel1.win32_1.0.0.202411081344\tools\bin/../lib/gcc/arm-none-eabi/13.3.1/../../../../arm-none-eabi/include/c++/13.3.1/type_traits:3649:3:constexpr bool std::is_constant_evaluated()	4	static
C:\ST\STM32CubeIDE_1.19.0\STM32CubeIDE\plugins\com.st.stm32cube.ide.mcu.externaltools.gnu-tools-for-stm32.13.3.rel1.win32_1.0.0.202411081344\tools\bin/../lib/gcc/arm-none-eabi/13.3.1/../../../../arm-none-eabi/include/c++/13.3.1/new:174:33:void* operator new(std::size_t, void*)	16	static
C:\ST\STM32CubeIDE_1.19.0\STM32CubeIDE\plugins\com.st.stm32cube.ide.mcu.externaltools.gnu-tools-for-stm32.13.3.rel1.win32_1.0.0.202411081344\tools\bin/../lib/gcc/arm-none-eabi/13.3.1/../../../../arm-none-eabi/include/c++/13.3.1/limits:1716:7:static constexpr float std::numeric_limits<float>::infinity()	4	static
../AltitudePredictionFilter/infusion.hpp:239:21:float RadiansToDegrees(float)	16	static
../AltitudePredictionFilter/infusion.hpp:250:21:float Asin(float)	16	static
../AltitudePredictionFilter/infusion.hpp:581:24:madEuler madQuaternionToEuler(madQuaternion)	72	static
../AltitudePredictionFilter/infusion.hpp:709:12:madAhrs* Infusion::getMadAhrs()	16	static
../AltitudePredictionFilter/infusion.hpp:711:13:madOffset Infusion::getOffset()	24	static
../AltitudePredictionFilter/infusion.hpp:730:12:madEuler Infusion::getEuler(const madAhrs*)	64	static
../AltitudePredictionFilter/infusion.hpp:775:18:madVector Infusion::AxesSwitch(madVector, MadAxesAlignment)	72	static
C:\ST\STM32CubeIDE_1.19.0\STM32CubeIDE\plugins\com.st.stm32cube.ide.mcu.externaltools.gnu-tools-for-stm32.13.3.rel1.win32_1.0.0.202411081344\tools\bin/../lib/gcc/arm-none-eabi/13.3.1/../../../../arm-none-eabi/include/c++/13.3.1/bits/stl_algobase.h:233:5:constexpr const _Tp& std::min(const _Tp&, const _Tp&) [with _Tp = unsigned int]	16	static
C:\ST\STM32CubeIDE_1.19.0\STM32CubeIDE\plugins\com.st.stm32cube.ide.mcu.externaltools.gnu-tools-for-stm32.13.3.rel1.win32_1.0.0.202411081344\tools\arm-none-eabi\include\c++\13.3.1\arm-none-eabi\thumb\v7e-m+dp\hard\bits\gthr-default.h:229:1:int __gthread_key_delete(__gthread_key_t)	16	static
C:\ST\STM32CubeIDE_1.19.0\STM32CubeIDE\plugins\com.st.stm32cube.ide.mcu.externaltools.gnu-tools-for-stm32.13.3.rel1.win32_1.0.0.202411081344\tools\arm-none-eabi\include\c++\13.3.1\bits\shared_ptr_base.h:293:5:void std::_Sp_counted_base<_Lp>::_M_release() [with __gnu_cxx::_Lock_policy _Lp = __gnu_cxx::_S_single]	16	static
C:\ST\STM32CubeIDE_1.19.0\STM32CubeIDE\plugins\com.st.stm32cube.ide.mcu.externaltools.gnu-tools-for-stm32.13.3.rel1.win32_1.0.0.202411081344\tools\bin/../lib/gcc/arm-none-eabi/13.3.1/../../../../arm-none-eabi/include/c++/13.3.1/bits/stl_deque.h:96:3:constexpr std::size_t std::__deque_buf_size(size_t)	16	static
C:\Users\harry\Desktop\soar\eigen-3.4.0\eigen-3.4.0\Eigen\src/Core/util/Memory.h:114:31:void Eigen::internal::handmade_aligned_free(void*)	16	static
C:\Users\harry\Desktop\soar\eigen-3.4.0\eigen-3.4.0\Eigen\src/Core/util/Memory.h:198:31:void Eigen::internal::aligned_free(void*)	16	static
C:\Users\harry\Desktop\soar\eigen-3.4.0\eigen-3.4.0\Eigen\src/Core/util/IndexedViewHelper.h:137:16:Eigen::internal::all_t::all_t()	16	static
C:\ST\STM32CubeIDE_1.19.0\STM32CubeIDE\plugins\com.st.stm32cube.ide.mcu.externaltools.gnu-tools-for-stm32.13.3.rel1.win32_1.0.0.202411081344\tools\bin/../lib/gcc/arm-none-eabi/13.3.1/../../../../arm-none-eabi/include/c++/13.3.1/bits/stl_vector.h:133:14:constexpr std::_Vector_base<float, std::allocator<float> >::_Vector_impl::~_Vector_impl()	24	static
C:\ST\STM32CubeIDE_1.19.0\STM32CubeIDE\plugins\com.st.stm32cube.ide.mcu.externaltools.gnu-tools-for-stm32.13.3.rel1.win32_1.0.0.202411081344\tools\bin/../lib/gcc/arm-none-eabi/13.3.1/../../../../arm-none-eabi/include/c++/13.3.1/bits/stl_vector.h:315:7:constexpr std::_Vector_base<_Tp, _Alloc>::_Vector_base() [with _Tp = float; _Alloc = std::allocator<float>]	16	static
C:\ST\STM32CubeIDE_1.19.0\STM32CubeIDE\plugins\com.st.stm32cube.ide.mcu.externaltools.gnu-tools-for-stm32.13.3.rel1.win32_1.0.0.202411081344\tools\bin/../lib/gcc/arm-none-eabi/13.3.1/../../../../arm-none-eabi/include/c++/13.3.1/bits/stl_vector.h:531:7:constexpr std::vector<_Tp, _Alloc>::vector() [with _Tp = float; _Alloc = std::allocator<float>]	16	static
C:\ST\STM32CubeIDE_1.19.0\STM32CubeIDE\plugins\com.st.stm32cube.ide.mcu.externaltools.gnu-tools-for-stm32.13.3.rel1.win32_1.0.0.202411081344\tools\arm-none-eabi\include\c++\13.3.1\bits\shared_ptr_base.h:1524:7:std::__shared_ptr<_Tp, _Lp>::~__shared_ptr() [with _Tp = KDNode; __gnu_cxx::_Lock_policy _Lp = __gnu_cxx::_S_single]	16	static
C:\ST\STM32CubeIDE_1.19.0\STM32CubeIDE\plugins\com.st.stm32cube.ide.mcu.externaltools.gnu-tools-for-stm32.13.3.rel1.win32_1.0.0.202411081344\tools\bin/../lib/gcc/arm-none-eabi/13.3.1/../../../../arm-none-eabi/include/c++/13.3.1/bits/shared_ptr.h:175:11:std::shared_ptr<KDNode>::~shared_ptr()	16	static
../AltitudePredictionFilter/KDTree.hpp:81:7:KDTree::~KDTree()	16	static
C:\ST\STM32CubeIDE_1.19.0\STM32CubeIDE\plugins\com.st.stm32cube.ide.mcu.externaltools.gnu-tools-for-stm32.13.3.rel1.win32_1.0.0.202411081344\tools\bin/../lib/gcc/arm-none-eabi/13.3.1/../../../../arm-none-eabi/include/c++/13.3.1/bits/stl_vector.h:133:14:constexpr std::_Vector_base<std::vector<float>, std::allocator<std::vector<float> > >::_Vector_impl::~_Vector_impl()	24	static
C:\ST\STM32CubeIDE_1.19.0\STM32CubeIDE\plugins\com.st.stm32cube.ide.mcu.externaltools.gnu-tools-for-stm32.13.3.rel1.win32_1.0.0.202411081344\tools\bin/../lib/gcc/arm-none-eabi/13.3.1/../../../../arm-none-eabi/include/c++/13.3.1/bits/stl_vector.h:678:7:constexpr std::vector<_Tp, _Alloc>::vector(std::initializer_list<_Tp>, const allocator_type&) [with _Tp = float; _Alloc = std::allocator<float>]	40	static
C:\ST\STM32CubeIDE_1.19.0\STM32CubeIDE\plugins\com.st.stm32cube.ide.mcu.externaltools.gnu-tools-for-stm32.13.3.rel1.win32_1.0.0.202411081344\tools\bin/../lib/gcc/arm-none-eabi/13.3.1/../../../../arm-none-eabi/include/c++/13.3.1/bits/stl_vector.h:321:7:constexpr std::_Vector_base<_Tp, _Alloc>::_Vector_base(const allocator_type&) [with _Tp = float; _Alloc = std::allocator<float>]	16	static
C:\ST\STM32CubeIDE_1.19.0\STM32CubeIDE\plugins\com.st.stm32cube.ide.mcu.externaltools.gnu-tools-for-stm32.13.3.rel1.win32_1.0.0.202411081344\tools\bin/../lib/gcc/arm-none-eabi/13.3.1/../../../../arm-none-eabi/include/c++/13.3.1/bits/stl_vector.h:146:2:constexpr std::_Vector_base<_Tp, _Alloc>::_Vector_impl::_Vector_impl(const std::_Vector_base<_Tp, _Alloc>::_Tp_alloc_type&) [with _Tp = float; _Alloc = std::allocator<float>]	32	static
C:\ST\STM32CubeIDE_1.19.0\STM32CubeIDE\plugins\com.st.stm32cube.ide.mcu.externaltools.gnu-tools-for-stm32.13.3.rel1.win32_1.0.0.202411081344\tools\bin/../lib/gcc/arm-none-eabi/13.3.1/../../../../arm-none-eabi/include/c++/13.3.1/bits/stl_vector.h:99:2:constexpr std::_Vector_base<_Tp, _Alloc>::_Vector_impl_data::_Vector_impl_data() [with _Tp = float; _Alloc = std::allocator<float>]	16	static
C:\ST\STM32CubeIDE_1.19.0\STM32CubeIDE\plugins\com.st.stm32cube.ide.mcu.externaltools.gnu-tools-for-stm32.13.3.rel1.win32_1.0.0.202411081344\tools\bin/../lib/gcc/arm-none-eabi/13.3.1/../../../../arm-none-eabi/include/c++/13.3.1/initializer_list:73:7:constexpr const _E* std::initializer_list<_E>::begin() const [with _E = float]	16	static
C:\ST\STM32CubeIDE_1.19.0\STM32CubeIDE\plugins\com.st.stm32cube.ide.mcu.externaltools.gnu-tools-for-stm32.13.3.rel1.win32_1.0.0.202411081344\tools\bin/../lib/gcc/arm-none-eabi/13.3.1/../../../../arm-none-eabi/include/c++/13.3.1/initializer_list:77:7:constexpr const _E* std::initializer_list<_E>::end() const [with _E = float]	24	static
C:\ST\STM32CubeIDE_1.19.0\STM32CubeIDE\plugins\com.st.stm32cube.ide.mcu.externaltools.gnu-tools-for-stm32.13.3.rel1.win32_1.0.0.202411081344\tools\bin/../lib/gcc/arm-none-eabi/13.3.1/../../../../arm-none-eabi/include/c++/13.3.1/initializer_list:69:7:constexpr std::initializer_list<_E>::size_type std::initializer_list<_E>::size() const [with _E = float]	16	static
C:\ST\STM32CubeIDE_1.19.0\STM32CubeIDE\plugins\com.st.stm32cube.ide.mcu.externaltools.gnu-tools-for-stm32.13.3.rel1.win32_1.0.0.202411081344\tools\bin/../lib/gcc/arm-none-eabi/13.3.1/../../../../arm-none-eabi/include/c++/13.3.1/bits/stl_vector.h:1687:2:constexpr void std::vector<_Tp, _Alloc>::_M_range_initialize(_ForwardIterator, _ForwardIterator, std::forward_iterator_tag) [with _ForwardIterator = const float*; _Tp = float; _Alloc = std::allocator<float>]	56	static
C:\ST\STM32CubeIDE_1.19.0\STM32CubeIDE\plugins\com.st.stm32cube.ide.mcu.externaltools.gnu-tools-for-stm32.13.3.rel1.win32_1.0.0.202411081344\tools\bin/../lib/gcc/arm-none-eabi/13.3.1/../../../../arm-none-eabi/include/c++/13.3.1/bits/stl_vector.h:301:7:constexpr std::_Vector_base<_Tp, _Alloc>::_Tp_alloc_type& std::_Vector_base<_Tp, _Alloc>::_M_get_Tp_allocator() [with _Tp = float; _Alloc = std::allocator<float>]	16	static
C:\ST\STM32CubeIDE_1.19.0\STM32CubeIDE\plugins\com.st.stm32cube.ide.mcu.externaltools.gnu-tools-for-stm32.13.3.rel1.win32_1.0.0.202411081344\tools\bin/../lib/gcc/arm-none-eabi/13.3.1/../../../../arm-none-eabi/include/c++/13.3.1/bits/stl_vector.h:1907:7:static constexpr std::vector<_Tp, _Alloc>::size_type std::vector<_Tp, _Alloc>::_S_check_init_len(size_type, const allocator_type&) [with _Tp = float; _Alloc = std::allocator<float>]	32	static
C:\ST\STM32CubeIDE_1.19.0\STM32CubeIDE\plugins\com.st.stm32cube.ide.mcu.externaltools.gnu-tools-for-stm32.13.3.rel1.win32_1.0.0.202411081344\tools\bin/../lib/gcc/arm-none-eabi/13.3.1/../../../../arm-none-eabi/include/c++/13.3.1/bits/stl_vector.h:1916:7:static constexpr std::vector<_Tp, _Alloc>::size_type std::vector<_Tp, _Alloc>::_S_max_size(const _Tp_alloc_type&) [with _Tp = float; _Alloc = std::allocator<float>]	32	static
C:\ST\STM32CubeIDE_1.19.0\STM32CubeIDE\plugins\com.st.stm32cube.ide.mcu.externaltools.gnu-tools-for-stm32.13.3.rel1.win32_1.0.0.202411081344\tools\bin/../lib/gcc/arm-none-eabi/13.3.1/../../../../arm-none-eabi/include/c++/13.3.1/bits/stl_vector.h:378:7:constexpr std::_Vector_base<_Tp, _Alloc>::pointer std::_Vector_base<_Tp, _Alloc>::_M_allocate(std::size_t) [with _Tp = float; _Alloc = std::allocator<float>]	32	static
C:\ST\STM32CubeIDE_1.19.0\STM32CubeIDE\plugins\com.st.stm32cube.ide.mcu.externaltools.gnu-tools-for-stm32.13.3.rel1.win32_1.0.0.202411081344\tools\bin/../lib/gcc/arm-none-eabi/13.3.1/../../../../arm-none-eabi/include/c++/13.3.1/bits/stl_pair.h:187:12:constexpr std::pair<std::vector<float>, std::vector<float> >::~pair()	16	static
C:\ST\STM32CubeIDE_1.19.0\STM32CubeIDE\plugins\com.st.stm32cube.ide.mcu.externaltools.gnu-tools-for-stm32.13.3.rel1.win32_1.0.0.202411081344\tools\bin/../lib/gcc/arm-none-eabi/13.3.1/../../../../arm-none-eabi/include/c++/13.3.1/bits/stl_vector.h:678:7:constexpr std::vector<_Tp, _Alloc>::vector(std::initializer_list<_Tp>, const allocator_type&) [with _Tp = int; _Alloc = std::allocator<int>]	40	static
C:\ST\STM32CubeIDE_1.19.0\STM32CubeIDE\plugins\com.st.stm32cube.ide.mcu.externaltools.gnu-tools-for-stm32.13.3.rel1.win32_1.0.0.202411081344\tools\bin/../lib/gcc/arm-none-eabi/13.3.1/../../../../arm-none-eabi/include/c++/13.3.1/bits/stl_vector.h:133:14:constexpr std::_Vector_base<int, std::allocator<int> >::_Vector_impl::~_Vector_impl()	24	static
C:\ST\STM32CubeIDE_1.19.0\STM32CubeIDE\plugins\com.st.stm32cube.ide.mcu.externaltools.gnu-tools-for-stm32.13.3.rel1.win32_1.0.0.202411081344\tools\bin/../lib/gcc/arm-none-eabi/13.3.1/../../../../arm-none-eabi/include/c++/13.3.1/bits/stl_vector.h:321:7:constexpr std::_Vector_base<_Tp, _Alloc>::_Vector_base(const allocator_type&) [with _Tp = int; _Alloc = std::allocator<int>]	16	static
C:\ST\STM32CubeIDE_1.19.0\STM32CubeIDE\plugins\com.st.stm32cube.ide.mcu.externaltools.gnu-tools-for-stm32.13.3.rel1.win32_1.0.0.202411081344\tools\bin/../lib/gcc/arm-none-eabi/13.3.1/../../../../arm-none-eabi/include/c++/13.3.1/bits/stl_vector.h:146:2:constexpr std::_Vector_base<_Tp, _Alloc>::_Vector_impl::_Vector_impl(const std::_Vector_base<_Tp, _Alloc>::_Tp_alloc_type&) [with _Tp = int; _Alloc = std::allocator<int>]	32	static
C:\ST\STM32CubeIDE_1.19.0\STM32CubeIDE\plugins\com.st.stm32cube.ide.mcu.externaltools.gnu-tools-for-stm32.13.3.rel1.win32_1.0.0.202411081344\tools\bin/../lib/gcc/arm-none-eabi/13.3.1/../../../../arm-none-eabi/include/c++/13.3.1/bits/stl_vector.h:99:2:constexpr std::_Vector_base<_Tp, _Alloc>::_Vector_impl_data::_Vector_impl_data() [with _Tp = int; _Alloc = std::allocator<int>]	16	static
C:\ST\STM32CubeIDE_1.19.0\STM32CubeIDE\plugins\com.st.stm32cube.ide.mcu.externaltools.gnu-tools-for-stm32.13.3.rel1.win32_1.0.0.202411081344\tools\bin/../lib/gcc/arm-none-eabi/13.3.1/../../../../arm-none-eabi/include/c++/13.3.1/initializer_list:73:7:constexpr const _E* std::initializer_list<_E>::begin() const [with _E = int]	16	static
C:\ST\STM32CubeIDE_1.19.0\STM32CubeIDE\plugins\com.st.stm32cube.ide.mcu.externaltools.gnu-tools-for-stm32.13.3.rel1.win32_1.0.0.202411081344\tools\bin/../lib/gcc/arm-none-eabi/13.3.1/../../../../arm-none-eabi/include/c++/13.3.1/initializer_list:77:7:constexpr const _E* std::initializer_list<_E>::end() const [with _E = int]	24	static
C:\ST\STM32CubeIDE_1.19.0\STM32CubeIDE\plugins\com.st.stm32cube.ide.mcu.externaltools.gnu-tools-for-stm32.13.3.rel1.win32_1.0.0.202411081344\tools\bin/../lib/gcc/arm-none-eabi/13.3.1/../../../../arm-none-eabi/include/c++/13.3.1/initializer_list:69:7:constexpr std::initializer_list<_E>::size_type std::initializer_list<_E>::size() const [with _E = int]	16	static
C:\ST\STM32CubeIDE_1.19.0\STM32CubeIDE\plugins\com.st.stm32cube.ide.mcu.externaltools.gnu-tools-for-stm32.13.3.rel1.win32_1.0.0.202411081344\tools\bin/../lib/gcc/arm-none-eabi/13.3.1/../../../../arm-none-eabi/include/c++/13.3.1/bits/stl_vector.h:1687:2:constexpr void std::vector<_Tp, _Alloc>::_M_range_initialize(_ForwardIterator, _ForwardIterator, std::forward_iterator_tag) [with _ForwardIterator = const int*; _Tp = int; _Alloc = std::allocator<int>]	56	static
C:\ST\STM32CubeIDE_1.19.0\STM32CubeIDE\plugins\com.st.stm32cube.ide.mcu.externaltools.gnu-tools-for-stm32.13.3.rel1.win32_1.0.0.202411081344\tools\bin/../lib/gcc/arm-none-eabi/13.3.1/../../../../arm-none-eabi/include/c++/13.3.1/bits/stl_vector.h:301:7:constexpr std::_Vector_base<_Tp, _Alloc>::_Tp_alloc_type& std::_Vector_base<_Tp, _Alloc>::_M_get_Tp_allocator() [with _Tp = int; _Alloc = std::allocator<int>]	16	static
C:\ST\STM32CubeIDE_1.19.0\STM32CubeIDE\plugins\com.st.stm32cube.ide.mcu.externaltools.gnu-tools-for-stm32.13.3.rel1.win32_1.0.0.202411081344\tools\bin/../lib/gcc/arm-none-eabi/13.3.1/../../../../arm-none-eabi/include/c++/13.3.1/bits/stl_vector.h:1907:7:static constexpr std::vector<_Tp, _Alloc>::size_type std::vector<_Tp, _Alloc>::_S_check_init_len(size_type, const allocator_type&) [with _Tp = int; _Alloc = std::allocator<int>]	32	static
C:\ST\STM32CubeIDE_1.19.0\STM32CubeIDE\plugins\com.st.stm32cube.ide.mcu.externaltools.gnu-tools-for-stm32.13.3.rel1.win32_1.0.0.202411081344\tools\bin/../lib/gcc/arm-none-eabi/13.3.1/../../../../arm-none-eabi/include/c++/13.3.1/bits/stl_vector.h:1916:7:static constexpr std::vector<_Tp, _Alloc>::size_type std::vector<_Tp, _Alloc>::_S_max_size(const _Tp_alloc_type&) [with _Tp = int; _Alloc = std::allocator<int>]	32	static
C:\ST\STM32CubeIDE_1.19.0\STM32CubeIDE\plugins\com.st.stm32cube.ide.mcu.externaltools.gnu-tools-for-stm32.13.3.rel1.win32_1.0.0.202411081344\tools\bin/../lib/gcc/arm-none-eabi/13.3.1/../../../../arm-none-eabi/include/c++/13.3.1/bits/stl_vector.h:378:7:constexpr std::_Vector_base<_Tp, _Alloc>::pointer std::_Vector_base<_Tp, _Alloc>::_M_allocate(std::size_t) [with _Tp = int; _Alloc = std::allocator<int>]	32	static
../AltitudePredictionFilter/EverestTask.cpp:38:6:void EverestTask::initialize1(systemState&)	16	static
../AltitudePredictionFilter/EverestTask.cpp:48:11:Infusion* EverestTask::ExternalInitialize()	16	static
../AltitudePredictionFilter/EverestTask.cpp:226:7:float EverestTask::TaskWrapper(EverestData, MadAxesAlignment, MadAxesAlignment)	64	static
../AltitudePredictionFilter/EverestTask.cpp:245:6:void EverestTask::MadgwickSetup()	136	static
../AltitudePredictionFilter/EverestTask.cpp:297:6:void EverestTask::MadgwickWrapper(IMUData_Everest)	144	static
../AltitudePredictionFilter/EverestTask.cpp:371:6:void EverestTask::IMU_Update(const IMUData_Everest&, const IMUData_Everest&)	88	static
../AltitudePredictionFilter/EverestTask.cpp:558:6:void EverestTask::Baro_Update(const BarosData&, const BarosData&)	24	static
../AltitudePredictionFilter/EverestTask.cpp:584:7:float EverestTask::ExternalUpdate(IMUData_Everest, IMUData_Everest, BarosData, BarosData)	24	static
../AltitudePredictionFilter/EverestTask.cpp:611:7:float EverestTask::AlignedExternalUpdate(IMUData_Everest, IMUData_Everest, BarosData, BarosData, MadAxesAlignment)	240	static
../AltitudePredictionFilter/EverestTask.cpp:678:7:float EverestTask::deriveForAltitudeIMU(IMUData_Everest)	48	static
../AltitudePredictionFilter/EverestTask.cpp:712:7:float convertToAltitude(float)	24	static
../AltitudePredictionFilter/EverestTask.cpp:737:7:float EverestTask::dynamite()	104	static
../AltitudePredictionFilter/EverestTask.cpp:867:6:void EverestTask::updateGainsWithGPS()	48	static
../AltitudePredictionFilter/EverestTask.cpp:899:6:void EverestTask::recalculateGain(float)	40	static
../AltitudePredictionFilter/EverestTask.cpp:953:6:void EverestTask::calculateSTDCoefficients()	40	static
../AltitudePredictionFilter/EverestTask.cpp:985:7:float EverestTask::deriveChangeInVelocityToGetAltitude(float)	32	static
../AltitudePredictionFilter/EverestTask.cpp:1013:7:float EverestTask::getFinalAltitude()	16	static
../AltitudePredictionFilter/EverestTask.cpp:1018:5:int EverestTask::averageIMU(IMUData_Everest&, IMUData_Everest&)	24	static
../AltitudePredictionFilter/EverestTask.cpp:1081:5:int EverestTask::findAlignment(IMUData_Everest&, IMUData_Everest&)	32	static
../AltitudePredictionFilter/EverestTask.cpp:1136:6:void EverestTask::tare(IMUData_Everest&, IMUData_Everest&, BarosData, BarosData)	192	static
../AltitudePredictionFilter/EverestTask.cpp:1268:7:float EverestTask::finalWrapper(float, float, float, float, float, float, float, float, float, float, float, float, float, float, float, float, float, float, float, float, float, float, float, float, MadAxesAlignment, MadAxesAlignment)	496	static
../AltitudePredictionFilter/EverestTask.cpp:1368:6:void EverestTask::setIsTare(bool)	16	static
../AltitudePredictionFilter/EverestTask.cpp:1373:6:bool EverestTask::getIsTared()	16	static
../AltitudePredictionFilter/EverestTask.cpp:1378:20:std::vector<float> EverestTask::EverestToHalo(EverestData)	176	static
../AltitudePredictionFilter/EverestTask.cpp:1408:6:void EverestTask::IMU1_Measurements(IMUData_Everest)	16	static
../AltitudePredictionFilter/EverestTask.cpp:1423:6:void EverestTask::IMU2_Measurements(IMUData_Everest)	16	static
../AltitudePredictionFilter/EverestTask.cpp:1438:6:void EverestTask::Baro1_Measurements(BarosData)	16	static
../AltitudePredictionFilter/EverestTask.cpp:1445:6:void EverestTask::Baro2_Measurements(BarosData)	16	static
../AltitudePredictionFilter/EverestTask.cpp:1452:6:void EverestTask::GPS_Measurements(float)	16	static
../AltitudePredictionFilter/EverestTask.cpp:1458:7:float roundToDecimalPlaces(double, int)	32	static
../AltitudePredictionFilter/EverestTask.cpp:1463:20:std::vector<float> EverestTask::QueueEverest(float)	152	static
../AltitudePredictionFilter/EverestTask.cpp:1521:6:void EverestTask::updateDeltaTime(float)	16	static
C:\Users\harry\Desktop\soar\eigen-3.4.0\eigen-3.4.0\Eigen\src/Core/PlainObjectBase.h:98:7:Eigen::PlainObjectBase<Eigen::Matrix<float, -1, 1> >::~PlainObjectBase()	16	static
C:\Users\harry\Desktop\soar\eigen-3.4.0\eigen-3.4.0\Eigen\src/Core/Matrix.h:178:7:Eigen::Matrix<float, -1, 1>::~Matrix()	16	static
C:\ST\STM32CubeIDE_1.19.0\STM32CubeIDE\plugins\com.st.stm32cube.ide.mcu.externaltools.gnu-tools-for-stm32.13.3.rel1.win32_1.0.0.202411081344\tools\bin/../lib/gcc/arm-none-eabi/13.3.1/../../../../arm-none-eabi/include/c++/13.3.1/bits/stl_vector.h:133:14:constexpr std::_Vector_base<Scenario, std::allocator<Scenario> >::_Vector_impl::~_Vector_impl()	24	static
C:\ST\STM32CubeIDE_1.19.0\STM32CubeIDE\plugins\com.st.stm32cube.ide.mcu.externaltools.gnu-tools-for-stm32.13.3.rel1.win32_1.0.0.202411081344\tools\bin/../lib/gcc/arm-none-eabi/13.3.1/../../../../arm-none-eabi/include/c++/13.3.1/bits/stl_vector.h:315:7:constexpr std::_Vector_base<_Tp, _Alloc>::_Vector_base() [with _Tp = Scenario; _Alloc = std::allocator<Scenario>]	16	static
C:\ST\STM32CubeIDE_1.19.0\STM32CubeIDE\plugins\com.st.stm32cube.ide.mcu.externaltools.gnu-tools-for-stm32.13.3.rel1.win32_1.0.0.202411081344\tools\bin/../lib/gcc/arm-none-eabi/13.3.1/../../../../arm-none-eabi/include/c++/13.3.1/bits/stl_vector.h:531:7:constexpr std::vector<_Tp, _Alloc>::vector() [with _Tp = Scenario; _Alloc = std::allocator<Scenario>]	16	static
C:\ST\STM32CubeIDE_1.19.0\STM32CubeIDE\plugins\com.st.stm32cube.ide.mcu.externaltools.gnu-tools-for-stm32.13.3.rel1.win32_1.0.0.202411081344\tools\bin/../lib/gcc/arm-none-eabi/13.3.1/../../../../arm-none-eabi/include/c++/13.3.1/bits/stl_deque.h:855:7:std::deque<_Tp, _Alloc>::deque() [with _Tp = Measurement; _Alloc = std::allocator<Measurement>]	16	static
C:\Users\harry\Desktop\soar\eigen-3.4.0\eigen-3.4.0\Eigen\src/Core/PlainObjectBase.h:98:7:Eigen::PlainObjectBase<Eigen::Matrix<float, -1, -1> >::~PlainObjectBase()	16	static
C:\Users\harry\Desktop\soar\eigen-3.4.0\eigen-3.4.0\Eigen\src/Core/Matrix.h:178:7:Eigen::Matrix<float, -1, -1>::~Matrix()	16	static
../AltitudePredictionFilter/HALO.hpp:204:7:HALO::HALO()	880	static
../AltitudePredictionFilter/HALO.hpp:204:7:HALO::~HALO()	16	static
../AltitudePredictionFilter/HALO.hpp:204:7:HALO& HALO::operator=(HALO&&)	16	static
../AltitudePredictionFilter/EverestTask.cpp:1544:6:void EverestTask::initEverest()	728	static
C:\ST\STM32CubeIDE_1.19.0\STM32CubeIDE\plugins\com.st.stm32cube.ide.mcu.externaltools.gnu-tools-for-stm32.13.3.rel1.win32_1.0.0.202411081344\tools\bin/../lib/gcc/arm-none-eabi/13.3.1/../../../../arm-none-eabi/include/c++/13.3.1/bits/stl_algobase.h:257:5:constexpr const _Tp& std::max(const _Tp&, const _Tp&) [with _Tp = unsigned int]	16	static
C:\ST\STM32CubeIDE_1.19.0\STM32CubeIDE\plugins\com.st.stm32cube.ide.mcu.externaltools.gnu-tools-for-stm32.13.3.rel1.win32_1.0.0.202411081344\tools\arm-none-eabi\include\c++\13.3.1\bits\shared_ptr_base.h:1068:7:std::__shared_count<_Lp>::~__shared_count() [with __gnu_cxx::_Lock_policy _Lp = __gnu_cxx::_S_single]	16	static
C:\Users\harry\Desktop\soar\eigen-3.4.0\eigen-3.4.0\Eigen\src/Core/util/SymbolicIndex.h:219:3:Eigen::symbolic::SymbolExpr<tag>::SymbolExpr() [with tag = Eigen::internal::symbolic_last_tag]	16	static
C:\Users\harry\Desktop\soar\eigen-3.4.0\eigen-3.4.0\Eigen\src/Core/util/IntegralConstant.h:56:3:Eigen::internal::FixedInt<N>::FixedInt() [with int N = 1]	16	static
C:\Users\harry\Desktop\soar\eigen-3.4.0\eigen-3.4.0\Eigen\src/Core/util/IntegralConstant.h:82:12:Eigen::internal::FixedInt<N> Eigen::internal::FixedInt<N>::operator()() const [with int N = 1]	16	static
C:\Users\harry\Desktop\soar\eigen-3.4.0\eigen-3.4.0\Eigen\src/Core/util/SymbolicIndex.h:117:55:Eigen::symbolic::AddExpr<Derived, Eigen::symbolic::ValueExpr<Eigen::internal::FixedInt<M> > > Eigen::symbolic::BaseExpr<Derived>::operator+(Eigen::internal::FixedInt<M>) const [with int N = 1; Derived = Eigen::symbolic::SymbolExpr<Eigen::internal::symbolic_last_tag>]	32	static
C:\ST\STM32CubeIDE_1.19.0\STM32CubeIDE\plugins\com.st.stm32cube.ide.mcu.externaltools.gnu-tools-for-stm32.13.3.rel1.win32_1.0.0.202411081344\tools\bin/../lib/gcc/arm-none-eabi/13.3.1/../../../../arm-none-eabi/include/c++/13.3.1/bits/stl_vector.h:992:7:constexpr std::vector<_Tp, _Alloc>::size_type std::vector<_Tp, _Alloc>::size() const [with _Tp = float; _Alloc = std::allocator<float>]	16	static
C:\ST\STM32CubeIDE_1.19.0\STM32CubeIDE\plugins\com.st.stm32cube.ide.mcu.externaltools.gnu-tools-for-stm32.13.3.rel1.win32_1.0.0.202411081344\tools\bin/../lib/gcc/arm-none-eabi/13.3.1/../../../../arm-none-eabi/include/c++/13.3.1/bits/stl_vector.h:733:7:constexpr std::vector<_Tp, _Alloc>::~vector() [with _Tp = float; _Alloc = std::allocator<float>]	40	static
C:\ST\STM32CubeIDE_1.19.0\STM32CubeIDE\plugins\com.st.stm32cube.ide.mcu.externaltools.gnu-tools-for-stm32.13.3.rel1.win32_1.0.0.202411081344\tools\bin/../lib/gcc/arm-none-eabi/13.3.1/../../../../arm-none-eabi/include/c++/13.3.1/bits/stl_vector.h:137:2:constexpr std::_Vector_base<_Tp, _Alloc>::_Vector_impl::_Vector_impl() requires  is_default_constructible_v<typename __gnu_cxx::__alloc_traits<_Allocator, typename _Allocator::value_type>::rebind::other> [with _Tp = float; _Alloc = std::allocator<float>]	24	static
C:\ST\STM32CubeIDE_1.19.0\STM32CubeIDE\plugins\com.st.stm32cube.ide.mcu.externaltools.gnu-tools-for-stm32.13.3.rel1.win32_1.0.0.202411081344\tools\bin/../lib/gcc/arm-none-eabi/13.3.1/../../../../arm-none-eabi/include/c++/13.3.1/bits/stl_vector.h:367:7:constexpr std::_Vector_base<_Tp, _Alloc>::~_Vector_base() [with _Tp = float; _Alloc = std::allocator<float>]	16	static
C:\ST\STM32CubeIDE_1.19.0\STM32CubeIDE\plugins\com.st.stm32cube.ide.mcu.externaltools.gnu-tools-for-stm32.13.3.rel1.win32_1.0.0.202411081344\tools\bin/../lib/gcc/arm-none-eabi/13.3.1/../../../../arm-none-eabi/include/c++/13.3.1/bits/stl_vector.h:733:7:constexpr std::vector<_Tp, _Alloc>::~vector() [with _Tp = std::vector<float>; _Alloc = std::allocator<std::vector<float> >]	40	static
C:\ST\STM32CubeIDE_1.19.0\STM32CubeIDE\plugins\com.st.stm32cube.ide.mcu.externaltools.gnu-tools-for-stm32.13.3.rel1.win32_1.0.0.202411081344\tools\bin/../lib/gcc/arm-none-eabi/13.3.1/../../../../arm-none-eabi/include/c++/13.3.1/bits/stl_vector.h:367:7:constexpr std::_Vector_base<_Tp, _Alloc>::~_Vector_base() [with _Tp = std::vector<float>; _Alloc = std::allocator<std::vector<float> >]	16	static
C:\ST\STM32CubeIDE_1.19.0\STM32CubeIDE\plugins\com.st.stm32cube.ide.mcu.externaltools.gnu-tools-for-stm32.13.3.rel1.win32_1.0.0.202411081344\tools\bin/../lib/gcc/arm-none-eabi/13.3.1/../../../../arm-none-eabi/include/c++/13.3.1/bits/stl_vector.h:601:7:constexpr std::vector<_Tp, _Alloc>::vector(const std::vector<_Tp, _Alloc>&) [with _Tp = float; _Alloc = std::allocator<float>]	64	static
C:\ST\STM32CubeIDE_1.19.0\STM32CubeIDE\plugins\com.st.stm32cube.ide.mcu.externaltools.gnu-tools-for-stm32.13.3.rel1.win32_1.0.0.202411081344\tools\arm-none-eabi\include\c++\13.3.1\bits\stl_uninitialized.h:366:5:constexpr _ForwardIterator std::__uninitialized_copy_a(_InputIterator, _InputIterator, _ForwardIterator, allocator<_Tp>&) [with _InputIterator = const float*; _ForwardIterator = float*; _Tp = float]	24	static
C:\ST\STM32CubeIDE_1.19.0\STM32CubeIDE\plugins\com.st.stm32cube.ide.mcu.externaltools.gnu-tools-for-stm32.13.3.rel1.win32_1.0.0.202411081344\tools\arm-none-eabi\include\c++\13.3.1\bits\new_allocator.h:126:7:_Tp* std::__new_allocator<_Tp>::allocate(size_type, const void*) [with _Tp = float]	32	static
C:\ST\STM32CubeIDE_1.19.0\STM32CubeIDE\plugins\com.st.stm32cube.ide.mcu.externaltools.gnu-tools-for-stm32.13.3.rel1.win32_1.0.0.202411081344\tools\bin/../lib/gcc/arm-none-eabi/13.3.1/../../../../arm-none-eabi/include/c++/13.3.1/bits/stl_pair.h:305:7:constexpr std::pair<_T1, _T2>::pair(const _T1&, const _T2&) requires  _S_constructible<const _T1&, const _T2&>() [with _T1 = std::vector<float>; _T2 = std::vector<float>]	24	static
C:\ST\STM32CubeIDE_1.19.0\STM32CubeIDE\plugins\com.st.stm32cube.ide.mcu.externaltools.gnu-tools-for-stm32.13.3.rel1.win32_1.0.0.202411081344\tools\bin/../lib/gcc/arm-none-eabi/13.3.1/../../../../arm-none-eabi/include/c++/13.3.1/bits/stl_vector.h:678:7:constexpr std::vector<_Tp, _Alloc>::vector(std::initializer_list<_Tp>, const allocator_type&) [with _Tp = std::pair<std::vector<float>, std::vector<float> >; _Alloc = std::allocator<std::pair<std::vector<float>, std::vector<float> > >]	40	static
C:\ST\STM32CubeIDE_1.19.0\STM32CubeIDE\plugins\com.st.stm32cube.ide.mcu.externaltools.gnu-tools-for-stm32.13.3.rel1.win32_1.0.0.202411081344\tools\bin/../lib/gcc/arm-none-eabi/13.3.1/../../../../arm-none-eabi/include/c++/13.3.1/bits/stl_vector.h:733:7:constexpr std::vector<_Tp, _Alloc>::~vector() [with _Tp = std::pair<std::vector<float>, std::vector<float> >; _Alloc = std::allocator<std::pair<std::vector<float>, std::vector<float> > >]	40	static
C:\ST\STM32CubeIDE_1.19.0\STM32CubeIDE\plugins\com.st.stm32cube.ide.mcu.externaltools.gnu-tools-for-stm32.13.3.rel1.win32_1.0.0.202411081344\tools\bin/../lib/gcc/arm-none-eabi/13.3.1/../../../../arm-none-eabi/include/c++/13.3.1/bits/stl_vector.h:733:7:constexpr std::vector<_Tp, _Alloc>::~vector() [with _Tp = int; _Alloc = std::allocator<int>]	40	static
C:\ST\STM32CubeIDE_1.19.0\STM32CubeIDE\plugins\com.st.stm32cube.ide.mcu.externaltools.gnu-tools-for-stm32.13.3.rel1.win32_1.0.0.202411081344\tools\bin/../lib/gcc/arm-none-eabi/13.3.1/../../../../arm-none-eabi/include/c++/13.3.1/bits/stl_vector.h:367:7:constexpr std::_Vector_base<_Tp, _Alloc>::~_Vector_base() [with _Tp = int; _Alloc = std::allocator<int>]	16	static
C:\ST\STM32CubeIDE_1.19.0\STM32CubeIDE\plugins\com.st.stm32cube.ide.mcu.externaltools.gnu-tools-for-stm32.13.3.rel1.win32_1.0.0.202411081344\tools\arm-none-eabi\include\c++\13.3.1\bits\stl_uninitialized.h:366:5:constexpr _ForwardIterator std::__uninitialized_copy_a(_InputIterator, _InputIterator, _ForwardIterator, allocator<_Tp>&) [with _InputIterator = const int*; _ForwardIterator = int*; _Tp = int]	24	static
C:\ST\STM32CubeIDE_1.19.0\STM32CubeIDE\plugins\com.st.stm32cube.ide.mcu.externaltools.gnu-tools-for-stm32.13.3.rel1.win32_1.0.0.202411081344\tools\arm-none-eabi\include\c++\13.3.1\bits\new_allocator.h:126:7:_Tp* std::__new_allocator<_Tp>::allocate(size_type, const void*) [with _Tp = int]	32	static
C:\ST\STM32CubeIDE_1.19.0\STM32CubeIDE\plugins\com.st.stm32cube.ide.mcu.externaltools.gnu-tools-for-stm32.13.3.rel1.win32_1.0.0.202411081344\tools\bin/../lib/gcc/arm-none-eabi/13.3.1/../../../../arm-none-eabi/include/c++/13.3.1/bits/stl_vector.h:678:7:constexpr std::vector<_Tp, _Alloc>::vector(std::initializer_list<_Tp>, const allocator_type&) [with _Tp = std::vector<int>; _Alloc = std::allocator<std::vector<int> >]	40	static
C:\ST\STM32CubeIDE_1.19.0\STM32CubeIDE\plugins\com.st.stm32cube.ide.mcu.externaltools.gnu-tools-for-stm32.13.3.rel1.win32_1.0.0.202411081344\tools\bin/../lib/gcc/arm-none-eabi/13.3.1/../../../../arm-none-eabi/include/c++/13.3.1/bits/stl_vector.h:733:7:constexpr std::vector<_Tp, _Alloc>::~vector() [with _Tp = std::vector<int>; _Alloc = std::allocator<std::vector<int> >]	40	static
C:\ST\STM32CubeIDE_1.19.0\STM32CubeIDE\plugins\com.st.stm32cube.ide.mcu.externaltools.gnu-tools-for-stm32.13.3.rel1.win32_1.0.0.202411081344\tools\bin/../lib/gcc/arm-none-eabi/13.3.1/../../../../arm-none-eabi/include/c++/13.3.1/bits/stl_vector.h:1126:7:constexpr std::vector<_Tp, _Alloc>::reference std::vector<_Tp, _Alloc>::operator[](size_type) [with _Tp = float; _Alloc = std::allocator<float>]	16	static
C:\ST\STM32CubeIDE_1.19.0\STM32CubeIDE\plugins\com.st.stm32cube.ide.mcu.externaltools.gnu-tools-for-stm32.13.3.rel1.win32_1.0.0.202411081344\tools\bin/../lib/gcc/arm-none-eabi/13.3.1/../../../../arm-none-eabi/include/c++/13.3.1/cmath:1070:5:constexpr typename __gnu_cxx::__promote_2<_Tp, _Up>::__type std::pow(_Tp, _Up) [with _Tp = float; _Up = double]	24	static
C:\ST\STM32CubeIDE_1.19.0\STM32CubeIDE\plugins\com.st.stm32cube.ide.mcu.externaltools.gnu-tools-for-stm32.13.3.rel1.win32_1.0.0.202411081344\tools\bin/../lib/gcc/arm-none-eabi/13.3.1/../../../../arm-none-eabi/include/c++/13.3.1/cmath:1070:5:constexpr typename __gnu_cxx::__promote_2<_Tp, _Up>::__type std::pow(_Tp, _Up) [with _Tp = float; _Up = int]	16	static
C:\ST\STM32CubeIDE_1.19.0\STM32CubeIDE\plugins\com.st.stm32cube.ide.mcu.externaltools.gnu-tools-for-stm32.13.3.rel1.win32_1.0.0.202411081344\tools\bin/../lib/gcc/arm-none-eabi/13.3.1/../../../../arm-none-eabi/include/c++/13.3.1/bits/stl_vector.h:788:7:constexpr std::vector<_Tp, _Alloc>& std::vector<_Tp, _Alloc>::operator=(std::initializer_list<_Tp>) [with _Tp = float; _Alloc = std::allocator<float>]	40	static
C:\ST\STM32CubeIDE_1.19.0\STM32CubeIDE\plugins\com.st.stm32cube.ide.mcu.externaltools.gnu-tools-for-stm32.13.3.rel1.win32_1.0.0.202411081344\tools\bin/../lib/gcc/arm-none-eabi/13.3.1/../../../../arm-none-eabi/include/c++/13.3.1/bits/stl_vector.h:766:7:constexpr std::vector<_Tp, _Alloc>& std::vector<_Tp, _Alloc>::operator=(std::vector<_Tp, _Alloc>&&) [with _Tp = float; _Alloc = std::allocator<float>]	32	static
C:\ST\STM32CubeIDE_1.19.0\STM32CubeIDE\plugins\com.st.stm32cube.ide.mcu.externaltools.gnu-tools-for-stm32.13.3.rel1.win32_1.0.0.202411081344\tools\bin/../lib/gcc/arm-none-eabi/13.3.1/../../../../arm-none-eabi/include/c++/13.3.1/bits/stl_vector.h:1126:7:constexpr std::vector<_Tp, _Alloc>::reference std::vector<_Tp, _Alloc>::operator[](size_type) [with _Tp = int; _Alloc = std::allocator<int>]	16	static
C:\ST\STM32CubeIDE_1.19.0\STM32CubeIDE\plugins\com.st.stm32cube.ide.mcu.externaltools.gnu-tools-for-stm32.13.3.rel1.win32_1.0.0.202411081344\tools\bin/../lib/gcc/arm-none-eabi/13.3.1/../../../../arm-none-eabi/include/c++/13.3.1/cmath:1070:5:constexpr typename __gnu_cxx::__promote_2<_Tp, _Up>::__type std::pow(_Tp, _Up) [with _Tp = double; _Up = int]	24	static
C:\Users\harry\Desktop\soar\eigen-3.4.0\eigen-3.4.0\Eigen\src/Core/Matrix.h:259:5:Eigen::Matrix<_Scalar, _Rows, _Cols, _Options, _MaxRows, _MaxCols>::Matrix() [with _Scalar = float; int _Rows = -1; int _Cols = 1; int _Options = 0; int _MaxRows = -1; int _MaxCols = 1]	16	static
C:\Users\harry\Desktop\soar\eigen-3.4.0\eigen-3.4.0\Eigen\src/Core/DenseStorage.h:621:23:Eigen::DenseStorage<T, -1, -1, _Cols, _Options>::~DenseStorage() [with T = float; int _Cols = 1; int _Options = 0]	16	static
C:\ST\STM32CubeIDE_1.19.0\STM32CubeIDE\plugins\com.st.stm32cube.ide.mcu.externaltools.gnu-tools-for-stm32.13.3.rel1.win32_1.0.0.202411081344\tools\bin/../lib/gcc/arm-none-eabi/13.3.1/../../../../arm-none-eabi/include/c++/13.3.1/bits/stl_vector.h:137:2:constexpr std::_Vector_base<_Tp, _Alloc>::_Vector_impl::_Vector_impl() requires  is_default_constructible_v<typename __gnu_cxx::__alloc_traits<_Allocator, typename _Allocator::value_type>::rebind::other> [with _Tp = Scenario; _Alloc = std::allocator<Scenario>]	24	static
C:\ST\STM32CubeIDE_1.19.0\STM32CubeIDE\plugins\com.st.stm32cube.ide.mcu.externaltools.gnu-tools-for-stm32.13.3.rel1.win32_1.0.0.202411081344\tools\bin/../lib/gcc/arm-none-eabi/13.3.1/../../../../arm-none-eabi/include/c++/13.3.1/bits/stl_vector.h:367:7:constexpr std::_Vector_base<_Tp, _Alloc>::~_Vector_base() [with _Tp = Scenario; _Alloc = std::allocator<Scenario>]	16	static
C:\ST\STM32CubeIDE_1.19.0\STM32CubeIDE\plugins\com.st.stm32cube.ide.mcu.externaltools.gnu-tools-for-stm32.13.3.rel1.win32_1.0.0.202411081344\tools\bin/../lib/gcc/arm-none-eabi/13.3.1/../../../../arm-none-eabi/include/c++/13.3.1/bits/stl_vector.h:733:7:constexpr std::vector<_Tp, _Alloc>::~vector() [with _Tp = Scenario; _Alloc = std::allocator<Scenario>]	40	static
C:\ST\STM32CubeIDE_1.19.0\STM32CubeIDE\plugins\com.st.stm32cube.ide.mcu.externaltools.gnu-tools-for-stm32.13.3.rel1.win32_1.0.0.202411081344\tools\bin/../lib/gcc/arm-none-eabi/13.3.1/../../../../arm-none-eabi/include/c++/13.3.1/bits/stl_deque.h:542:14:constexpr std::_Deque_base<Measurement, std::allocator<Measurement> >::_Deque_impl::~_Deque_impl()	24	static
C:\ST\STM32CubeIDE_1.19.0\STM32CubeIDE\plugins\com.st.stm32cube.ide.mcu.externaltools.gnu-tools-for-stm32.13.3.rel1.win32_1.0.0.202411081344\tools\bin/../lib/gcc/arm-none-eabi/13.3.1/../../../../arm-none-eabi/include/c++/13.3.1/bits/stl_deque.h:458:7:std::_Deque_base<_Tp, _Alloc>::_Deque_base() [with _Tp = Measurement; _Alloc = std::allocator<Measurement>]	16	static
C:\ST\STM32CubeIDE_1.19.0\STM32CubeIDE\plugins\com.st.stm32cube.ide.mcu.externaltools.gnu-tools-for-stm32.13.3.rel1.win32_1.0.0.202411081344\tools\bin/../lib/gcc/arm-none-eabi/13.3.1/../../../../arm-none-eabi/include/c++/13.3.1/bits/stl_deque.h:617:5:std::_Deque_base<_Tp, _Alloc>::~_Deque_base() [with _Tp = Measurement; _Alloc = std::allocator<Measurement>]	16	static
C:\ST\STM32CubeIDE_1.19.0\STM32CubeIDE\plugins\com.st.stm32cube.ide.mcu.externaltools.gnu-tools-for-stm32.13.3.rel1.win32_1.0.0.202411081344\tools\bin/../lib/gcc/arm-none-eabi/13.3.1/../../../../arm-none-eabi/include/c++/13.3.1/bits/stl_deque.h:1027:7:std::deque<_Tp, _Alloc>::~deque() [with _Tp = Measurement; _Alloc = std::allocator<Measurement>]	48	static
C:\Users\harry\Desktop\soar\eigen-3.4.0\eigen-3.4.0\Eigen\src/Core/Matrix.h:259:5:Eigen::Matrix<_Scalar, _Rows, _Cols, _Options, _MaxRows, _MaxCols>::Matrix() [with _Scalar = float; int _Rows = -1; int _Cols = -1; int _Options = 0; int _MaxRows = -1; int _MaxCols = -1]	16	static
C:\Users\harry\Desktop\soar\eigen-3.4.0\eigen-3.4.0\Eigen\src/Core/DenseStorage.h:465:23:Eigen::DenseStorage<T, -1, -1, -1, _Options>::~DenseStorage() [with T = float; int _Options = 0]	16	static
C:\Users\harry\Desktop\soar\eigen-3.4.0\eigen-3.4.0\Eigen\src/Core/Matrix.h:279:13:Eigen::Matrix<_Scalar, _Rows, _Cols, _Options, _MaxRows, _MaxCols>& Eigen::Matrix<_Scalar, _Rows, _Cols, _Options, _MaxRows, _MaxCols>::operator=(Eigen::Matrix<_Scalar, _Rows, _Cols, _Options, _MaxRows, _MaxCols>&&) [with _Scalar = float; int _Rows = -1; int _Cols = 1; int _Options = 0; int _MaxRows = -1; int _MaxCols = 1]	24	static
C:\ST\STM32CubeIDE_1.19.0\STM32CubeIDE\plugins\com.st.stm32cube.ide.mcu.externaltools.gnu-tools-for-stm32.13.3.rel1.win32_1.0.0.202411081344\tools\bin/../lib/gcc/arm-none-eabi/13.3.1/../../../../arm-none-eabi/include/c++/13.3.1/bits/stl_vector.h:766:7:constexpr std::vector<_Tp, _Alloc>& std::vector<_Tp, _Alloc>::operator=(std::vector<_Tp, _Alloc>&&) [with _Tp = Scenario; _Alloc = std::allocator<Scenario>]	32	static
C:\ST\STM32CubeIDE_1.19.0\STM32CubeIDE\plugins\com.st.stm32cube.ide.mcu.externaltools.gnu-tools-for-stm32.13.3.rel1.win32_1.0.0.202411081344\tools\bin/../lib/gcc/arm-none-eabi/13.3.1/../../../../arm-none-eabi/include/c++/13.3.1/bits/stl_vector.h:766:7:constexpr std::vector<_Tp, _Alloc>& std::vector<_Tp, _Alloc>::operator=(std::vector<_Tp, _Alloc>&&) [with _Tp = std::pair<std::vector<float>, std::vector<float> >; _Alloc = std::allocator<std::pair<std::vector<float>, std::vector<float> > >]	32	static
C:\ST\STM32CubeIDE_1.19.0\STM32CubeIDE\plugins\com.st.stm32cube.ide.mcu.externaltools.gnu-tools-for-stm32.13.3.rel1.win32_1.0.0.202411081344\tools\bin/../lib/gcc/arm-none-eabi/13.3.1/../../../../arm-none-eabi/include/c++/13.3.1/bits/stl_vector.h:766:7:constexpr std::vector<_Tp, _Alloc>& std::vector<_Tp, _Alloc>::operator=(std::vector<_Tp, _Alloc>&&) [with _Tp = int; _Alloc = std::allocator<int>]	32	static
C:\ST\STM32CubeIDE_1.19.0\STM32CubeIDE\plugins\com.st.stm32cube.ide.mcu.externaltools.gnu-tools-for-stm32.13.3.rel1.win32_1.0.0.202411081344\tools\bin/../lib/gcc/arm-none-eabi/13.3.1/../../../../arm-none-eabi/include/c++/13.3.1/bits/stl_vector.h:766:7:constexpr std::vector<_Tp, _Alloc>& std::vector<_Tp, _Alloc>::operator=(std::vector<_Tp, _Alloc>&&) [with _Tp = std::vector<int>; _Alloc = std::allocator<std::vector<int> >]	32	static
C:\ST\STM32CubeIDE_1.19.0\STM32CubeIDE\plugins\com.st.stm32cube.ide.mcu.externaltools.gnu-tools-for-stm32.13.3.rel1.win32_1.0.0.202411081344\tools\bin/../lib/gcc/arm-none-eabi/13.3.1/../../../../arm-none-eabi/include/c++/13.3.1/bits/stl_deque.h:1052:7:std::deque<_Tp, _Alloc>& std::deque<_Tp, _Alloc>::operator=(std::deque<_Tp, _Alloc>&&) [with _Tp = Measurement; _Alloc = std::allocator<Measurement>]	24	static
C:\Users\harry\Desktop\soar\eigen-3.4.0\eigen-3.4.0\Eigen\src/Core/Matrix.h:279:13:Eigen::Matrix<_Scalar, _Rows, _Cols, _Options, _MaxRows, _MaxCols>& Eigen::Matrix<_Scalar, _Rows, _Cols, _Options, _MaxRows, _MaxCols>::operator=(Eigen::Matrix<_Scalar, _Rows, _Cols, _Options, _MaxRows, _MaxCols>&&) [with _Scalar = float; int _Rows = -1; int _Cols = -1; int _Options = 0; int _MaxRows = -1; int _MaxCols = -1]	24	static
C:\Users\harry\Desktop\soar\eigen-3.4.0\eigen-3.4.0\Eigen\src/Core/util/SymbolicIndex.h:80:18:const Derived& Eigen::symbolic::BaseExpr<Derived>::derived() const [with Derived = Eigen::symbolic::SymbolExpr<Eigen::internal::symbolic_last_tag>]	16	static
C:\Users\harry\Desktop\soar\eigen-3.4.0\eigen-3.4.0\Eigen\src/Core/util/SymbolicIndex.h:66:3:Eigen::symbolic::ValueExpr<Eigen::internal::FixedInt<N> >::ValueExpr() [with int N = 1]	16	static
C:\Users\harry\Desktop\soar\eigen-3.4.0\eigen-3.4.0\Eigen\src/Core/util/SymbolicIndex.h:254:3:Eigen::symbolic::AddExpr<Arg1, Arg2>::AddExpr(const Arg0&, const Arg1&) [with Arg0 = Eigen::symbolic::SymbolExpr<Eigen::internal::symbolic_last_tag>; Arg1 = Eigen::symbolic::ValueExpr<Eigen::internal::FixedInt<1> >]	24	static
C:\ST\STM32CubeIDE_1.19.0\STM32CubeIDE\plugins\com.st.stm32cube.ide.mcu.externaltools.gnu-tools-for-stm32.13.3.rel1.win32_1.0.0.202411081344\tools\bin/../lib/gcc/arm-none-eabi/13.3.1/../../../../arm-none-eabi/include/c++/13.3.1/bits/stl_vector.h:386:7:constexpr void std::_Vector_base<_Tp, _Alloc>::_M_deallocate(pointer, std::size_t) [with _Tp = float; _Alloc = std::allocator<float>]	48	static
C:\ST\STM32CubeIDE_1.19.0\STM32CubeIDE\plugins\com.st.stm32cube.ide.mcu.externaltools.gnu-tools-for-stm32.13.3.rel1.win32_1.0.0.202411081344\tools\bin/../lib/gcc/arm-none-eabi/13.3.1/../../../../arm-none-eabi/include/c++/13.3.1/bits/stl_vector.h:301:7:constexpr std::_Vector_base<_Tp, _Alloc>::_Tp_alloc_type& std::_Vector_base<_Tp, _Alloc>::_M_get_Tp_allocator() [with _Tp = std::vector<float>; _Alloc = std::allocator<std::vector<float> >]	16	static
C:\ST\STM32CubeIDE_1.19.0\STM32CubeIDE\plugins\com.st.stm32cube.ide.mcu.externaltools.gnu-tools-for-stm32.13.3.rel1.win32_1.0.0.202411081344\tools\bin/../lib/gcc/arm-none-eabi/13.3.1/../../../../arm-none-eabi/include/c++/13.3.1/bits/stl_vector.h:386:7:constexpr void std::_Vector_base<_Tp, _Alloc>::_M_deallocate(pointer, std::size_t) [with _Tp = std::vector<float>; _Alloc = std::allocator<std::vector<float> >]	48	static
C:\ST\STM32CubeIDE_1.19.0\STM32CubeIDE\plugins\com.st.stm32cube.ide.mcu.externaltools.gnu-tools-for-stm32.13.3.rel1.win32_1.0.0.202411081344\tools\bin/../lib/gcc/arm-none-eabi/13.3.1/../../../../arm-none-eabi/include/c++/13.3.1/bits/stl_vector.h:306:7:constexpr const std::_Vector_base<_Tp, _Alloc>::_Tp_alloc_type& std::_Vector_base<_Tp, _Alloc>::_M_get_Tp_allocator() const [with _Tp = float; _Alloc = std::allocator<float>]	16	static
C:\ST\STM32CubeIDE_1.19.0\STM32CubeIDE\plugins\com.st.stm32cube.ide.mcu.externaltools.gnu-tools-for-stm32.13.3.rel1.win32_1.0.0.202411081344\tools\bin/../lib/gcc/arm-none-eabi/13.3.1/../../../../arm-none-eabi/include/c++/13.3.1/bits/stl_vector.h:1078:7:constexpr std::vector<_Tp, _Alloc>::size_type std::vector<_Tp, _Alloc>::capacity() const [with _Tp = float; _Alloc = std::allocator<float>]	16	static
C:\ST\STM32CubeIDE_1.19.0\STM32CubeIDE\plugins\com.st.stm32cube.ide.mcu.externaltools.gnu-tools-for-stm32.13.3.rel1.win32_1.0.0.202411081344\tools\bin/../lib/gcc/arm-none-eabi/13.3.1/../../../../arm-none-eabi/include/c++/13.3.1/bits/stl_vector.h:883:7:constexpr std::vector<_Tp, _Alloc>::const_iterator std::vector<_Tp, _Alloc>::begin() const [with _Tp = float; _Alloc = std::allocator<float>]	24	static
C:\ST\STM32CubeIDE_1.19.0\STM32CubeIDE\plugins\com.st.stm32cube.ide.mcu.externaltools.gnu-tools-for-stm32.13.3.rel1.win32_1.0.0.202411081344\tools\bin/../lib/gcc/arm-none-eabi/13.3.1/../../../../arm-none-eabi/include/c++/13.3.1/bits/stl_vector.h:903:7:constexpr std::vector<_Tp, _Alloc>::const_iterator std::vector<_Tp, _Alloc>::end() const [with _Tp = float; _Alloc = std::allocator<float>]	24	static
C:\ST\STM32CubeIDE_1.19.0\STM32CubeIDE\plugins\com.st.stm32cube.ide.mcu.externaltools.gnu-tools-for-stm32.13.3.rel1.win32_1.0.0.202411081344\tools\bin/../lib/gcc/arm-none-eabi/13.3.1/../../../../arm-none-eabi/include/c++/13.3.1/bits/stl_vector.h:333:7:constexpr std::_Vector_base<_Tp, _Alloc>::_Vector_base(std::size_t, const allocator_type&) [with _Tp = float; _Alloc = std::allocator<float>]	24	static
C:\ST\STM32CubeIDE_1.19.0\STM32CubeIDE\plugins\com.st.stm32cube.ide.mcu.externaltools.gnu-tools-for-stm32.13.3.rel1.win32_1.0.0.202411081344\tools\arm-none-eabi\include\c++\13.3.1\bits\stl_uninitialized.h:366:5:constexpr _ForwardIterator std::__uninitialized_copy_a(_InputIterator, _InputIterator, _ForwardIterator, allocator<_Tp>&) [with _InputIterator = __gnu_cxx::__normal_iterator<const float*, vector<float> >; _ForwardIterator = float*; _Tp = float]	24	static
C:\ST\STM32CubeIDE_1.19.0\STM32CubeIDE\plugins\com.st.stm32cube.ide.mcu.externaltools.gnu-tools-for-stm32.13.3.rel1.win32_1.0.0.202411081344\tools\arm-none-eabi\include\c++\13.3.1\bits\stl_uninitialized.h:113:5:constexpr _ForwardIterator std::__do_uninit_copy(_InputIterator, _InputIterator, _ForwardIterator) [with _InputIterator = const float*; _ForwardIterator = float*]	32	static
C:\ST\STM32CubeIDE_1.19.0\STM32CubeIDE\plugins\com.st.stm32cube.ide.mcu.externaltools.gnu-tools-for-stm32.13.3.rel1.win32_1.0.0.202411081344\tools\arm-none-eabi\include\c++\13.3.1\bits\stl_uninitialized.h:163:5:_ForwardIterator std::uninitialized_copy(_InputIterator, _InputIterator, _ForwardIterator) [with _InputIterator = const float*; _ForwardIterator = float*]	32	static
C:\ST\STM32CubeIDE_1.19.0\STM32CubeIDE\plugins\com.st.stm32cube.ide.mcu.externaltools.gnu-tools-for-stm32.13.3.rel1.win32_1.0.0.202411081344\tools\bin/../lib/gcc/arm-none-eabi/13.3.1/../../../../arm-none-eabi/include/c++/13.3.1/bits/stl_vector.h:133:14:constexpr std::_Vector_base<std::pair<std::vector<float>, std::vector<float> >, std::allocator<std::pair<std::vector<float>, std::vector<float> > > >::_Vector_impl::~_Vector_impl()	24	static
C:\ST\STM32CubeIDE_1.19.0\STM32CubeIDE\plugins\com.st.stm32cube.ide.mcu.externaltools.gnu-tools-for-stm32.13.3.rel1.win32_1.0.0.202411081344\tools\bin/../lib/gcc/arm-none-eabi/13.3.1/../../../../arm-none-eabi/include/c++/13.3.1/bits/stl_vector.h:321:7:constexpr std::_Vector_base<_Tp, _Alloc>::_Vector_base(const allocator_type&) [with _Tp = std::pair<std::vector<float>, std::vector<float> >; _Alloc = std::allocator<std::pair<std::vector<float>, std::vector<float> > >]	16	static
C:\ST\STM32CubeIDE_1.19.0\STM32CubeIDE\plugins\com.st.stm32cube.ide.mcu.externaltools.gnu-tools-for-stm32.13.3.rel1.win32_1.0.0.202411081344\tools\bin/../lib/gcc/arm-none-eabi/13.3.1/../../../../arm-none-eabi/include/c++/13.3.1/bits/stl_vector.h:367:7:constexpr std::_Vector_base<_Tp, _Alloc>::~_Vector_base() [with _Tp = std::pair<std::vector<float>, std::vector<float> >; _Alloc = std::allocator<std::pair<std::vector<float>, std::vector<float> > >]	16	static
C:\ST\STM32CubeIDE_1.19.0\STM32CubeIDE\plugins\com.st.stm32cube.ide.mcu.externaltools.gnu-tools-for-stm32.13.3.rel1.win32_1.0.0.202411081344\tools\bin/../lib/gcc/arm-none-eabi/13.3.1/../../../../arm-none-eabi/include/c++/13.3.1/initializer_list:73:7:constexpr const _E* std::initializer_list<_E>::begin() const [with _E = std::pair<std::vector<float>, std::vector<float> >]	16	static
C:\ST\STM32CubeIDE_1.19.0\STM32CubeIDE\plugins\com.st.stm32cube.ide.mcu.externaltools.gnu-tools-for-stm32.13.3.rel1.win32_1.0.0.202411081344\tools\bin/../lib/gcc/arm-none-eabi/13.3.1/../../../../arm-none-eabi/include/c++/13.3.1/initializer_list:77:7:constexpr const _E* std::initializer_list<_E>::end() const [with _E = std::pair<std::vector<float>, std::vector<float> >]	24	static
C:\ST\STM32CubeIDE_1.19.0\STM32CubeIDE\plugins\com.st.stm32cube.ide.mcu.externaltools.gnu-tools-for-stm32.13.3.rel1.win32_1.0.0.202411081344\tools\bin/../lib/gcc/arm-none-eabi/13.3.1/../../../../arm-none-eabi/include/c++/13.3.1/bits/stl_vector.h:1687:2:constexpr void std::vector<_Tp, _Alloc>::_M_range_initialize(_ForwardIterator, _ForwardIterator, std::forward_iterator_tag) [with _ForwardIterator = const std::pair<std::vector<float>, std::vector<float> >*; _Tp = std::pair<std::vector<float>, std::vector<float> >; _Alloc = std::allocator<std::pair<std::vector<float>, std::vector<float> > >]	56	static
C:\ST\STM32CubeIDE_1.19.0\STM32CubeIDE\plugins\com.st.stm32cube.ide.mcu.externaltools.gnu-tools-for-stm32.13.3.rel1.win32_1.0.0.202411081344\tools\bin/../lib/gcc/arm-none-eabi/13.3.1/../../../../arm-none-eabi/include/c++/13.3.1/bits/stl_vector.h:301:7:constexpr std::_Vector_base<_Tp, _Alloc>::_Tp_alloc_type& std::_Vector_base<_Tp, _Alloc>::_M_get_Tp_allocator() [with _Tp = std::pair<std::vector<float>, std::vector<float> >; _Alloc = std::allocator<std::pair<std::vector<float>, std::vector<float> > >]	16	static
C:\ST\STM32CubeIDE_1.19.0\STM32CubeIDE\plugins\com.st.stm32cube.ide.mcu.externaltools.gnu-tools-for-stm32.13.3.rel1.win32_1.0.0.202411081344\tools\bin/../lib/gcc/arm-none-eabi/13.3.1/../../../../arm-none-eabi/include/c++/13.3.1/bits/stl_vector.h:386:7:constexpr void std::_Vector_base<_Tp, _Alloc>::_M_deallocate(pointer, std::size_t) [with _Tp = int; _Alloc = std::allocator<int>]	48	static
C:\ST\STM32CubeIDE_1.19.0\STM32CubeIDE\plugins\com.st.stm32cube.ide.mcu.externaltools.gnu-tools-for-stm32.13.3.rel1.win32_1.0.0.202411081344\tools\arm-none-eabi\include\c++\13.3.1\bits\stl_uninitialized.h:113:5:constexpr _ForwardIterator std::__do_uninit_copy(_InputIterator, _InputIterator, _ForwardIterator) [with _InputIterator = const int*; _ForwardIterator = int*]	32	static
C:\ST\STM32CubeIDE_1.19.0\STM32CubeIDE\plugins\com.st.stm32cube.ide.mcu.externaltools.gnu-tools-for-stm32.13.3.rel1.win32_1.0.0.202411081344\tools\arm-none-eabi\include\c++\13.3.1\bits\stl_uninitialized.h:163:5:_ForwardIterator std::uninitialized_copy(_InputIterator, _InputIterator, _ForwardIterator) [with _InputIterator = const int*; _ForwardIterator = int*]	32	static
C:\ST\STM32CubeIDE_1.19.0\STM32CubeIDE\plugins\com.st.stm32cube.ide.mcu.externaltools.gnu-tools-for-stm32.13.3.rel1.win32_1.0.0.202411081344\tools\bin/../lib/gcc/arm-none-eabi/13.3.1/../../../../arm-none-eabi/include/c++/13.3.1/bits/stl_vector.h:133:14:constexpr std::_Vector_base<std::vector<int>, std::allocator<std::vector<int> > >::_Vector_impl::~_Vector_impl()	24	static
C:\ST\STM32CubeIDE_1.19.0\STM32CubeIDE\plugins\com.st.stm32cube.ide.mcu.externaltools.gnu-tools-for-stm32.13.3.rel1.win32_1.0.0.202411081344\tools\bin/../lib/gcc/arm-none-eabi/13.3.1/../../../../arm-none-eabi/include/c++/13.3.1/bits/stl_vector.h:321:7:constexpr std::_Vector_base<_Tp, _Alloc>::_Vector_base(const allocator_type&) [with _Tp = std::vector<int>; _Alloc = std::allocator<std::vector<int> >]	16	static
C:\ST\STM32CubeIDE_1.19.0\STM32CubeIDE\plugins\com.st.stm32cube.ide.mcu.externaltools.gnu-tools-for-stm32.13.3.rel1.win32_1.0.0.202411081344\tools\bin/../lib/gcc/arm-none-eabi/13.3.1/../../../../arm-none-eabi/include/c++/13.3.1/bits/stl_vector.h:367:7:constexpr std::_Vector_base<_Tp, _Alloc>::~_Vector_base() [with _Tp = std::vector<int>; _Alloc = std::allocator<std::vector<int> >]	16	static
C:\ST\STM32CubeIDE_1.19.0\STM32CubeIDE\plugins\com.st.stm32cube.ide.mcu.externaltools.gnu-tools-for-stm32.13.3.rel1.win32_1.0.0.202411081344\tools\bin/../lib/gcc/arm-none-eabi/13.3.1/../../../../arm-none-eabi/include/c++/13.3.1/initializer_list:73:7:constexpr const _E* std::initializer_list<_E>::begin() const [with _E = std::vector<int>]	16	static
C:\ST\STM32CubeIDE_1.19.0\STM32CubeIDE\plugins\com.st.stm32cube.ide.mcu.externaltools.gnu-tools-for-stm32.13.3.rel1.win32_1.0.0.202411081344\tools\bin/../lib/gcc/arm-none-eabi/13.3.1/../../../../arm-none-eabi/include/c++/13.3.1/initializer_list:77:7:constexpr const _E* std::initializer_list<_E>::end() const [with _E = std::vector<int>]	24	static
C:\ST\STM32CubeIDE_1.19.0\STM32CubeIDE\plugins\com.st.stm32cube.ide.mcu.externaltools.gnu-tools-for-stm32.13.3.rel1.win32_1.0.0.202411081344\tools\bin/../lib/gcc/arm-none-eabi/13.3.1/../../../../arm-none-eabi/include/c++/13.3.1/bits/stl_vector.h:1687:2:constexpr void std::vector<_Tp, _Alloc>::_M_range_initialize(_ForwardIterator, _ForwardIterator, std::forward_iterator_tag) [with _ForwardIterator = const std::vector<int>*; _Tp = std::vector<int>; _Alloc = std::allocator<std::vector<int> >]	56	static
C:\ST\STM32CubeIDE_1.19.0\STM32CubeIDE\plugins\com.st.stm32cube.ide.mcu.externaltools.gnu-tools-for-stm32.13.3.rel1.win32_1.0.0.202411081344\tools\bin/../lib/gcc/arm-none-eabi/13.3.1/../../../../arm-none-eabi/include/c++/13.3.1/bits/stl_vector.h:301:7:constexpr std::_Vector_base<_Tp, _Alloc>::_Tp_alloc_type& std::_Vector_base<_Tp, _Alloc>::_M_get_Tp_allocator() [with _Tp = std::vector<int>; _Alloc = std::allocator<std::vector<int> >]	16	static
C:\ST\STM32CubeIDE_1.19.0\STM32CubeIDE\plugins\com.st.stm32cube.ide.mcu.externaltools.gnu-tools-for-stm32.13.3.rel1.win32_1.0.0.202411081344\tools\bin/../lib/gcc/arm-none-eabi/13.3.1/../../../../arm-none-eabi/include/c++/13.3.1/bits/stl_vector.h:301:7:constexpr std::_Vector_base<_Tp, _Alloc>::_Tp_alloc_type& std::_Vector_base<_Tp, _Alloc>::_M_get_Tp_allocator() [with _Tp = Scenario; _Alloc = std::allocator<Scenario>]	16	static
C:\ST\STM32CubeIDE_1.19.0\STM32CubeIDE\plugins\com.st.stm32cube.ide.mcu.externaltools.gnu-tools-for-stm32.13.3.rel1.win32_1.0.0.202411081344\tools\bin/../lib/gcc/arm-none-eabi/13.3.1/../../../../arm-none-eabi/include/c++/13.3.1/bits/stl_vector.h:306:7:constexpr const std::_Vector_base<_Tp, _Alloc>::_Tp_alloc_type& std::_Vector_base<_Tp, _Alloc>::_M_get_Tp_allocator() const [with _Tp = Scenario; _Alloc = std::allocator<Scenario>]	16	static
C:\ST\STM32CubeIDE_1.19.0\STM32CubeIDE\plugins\com.st.stm32cube.ide.mcu.externaltools.gnu-tools-for-stm32.13.3.rel1.win32_1.0.0.202411081344\tools\bin/../lib/gcc/arm-none-eabi/13.3.1/../../../../arm-none-eabi/include/c++/13.3.1/bits/stl_vector.h:386:7:constexpr void std::_Vector_base<_Tp, _Alloc>::_M_deallocate(pointer, std::size_t) [with _Tp = Scenario; _Alloc = std::allocator<Scenario>]	48	static
C:\ST\STM32CubeIDE_1.19.0\STM32CubeIDE\plugins\com.st.stm32cube.ide.mcu.externaltools.gnu-tools-for-stm32.13.3.rel1.win32_1.0.0.202411081344\tools\bin/../lib/gcc/arm-none-eabi/13.3.1/../../../../arm-none-eabi/include/c++/13.3.1/bits/stl_deque.h:1151:7:std::deque<_Tp, _Alloc>::iterator std::deque<_Tp, _Alloc>::begin() [with _Tp = Measurement; _Alloc = std::allocator<Measurement>]	16	static
C:\ST\STM32CubeIDE_1.19.0\STM32CubeIDE\plugins\com.st.stm32cube.ide.mcu.externaltools.gnu-tools-for-stm32.13.3.rel1.win32_1.0.0.202411081344\tools\bin/../lib/gcc/arm-none-eabi/13.3.1/../../../../arm-none-eabi/include/c++/13.3.1/bits/stl_deque.h:568:7:std::_Deque_base<_Tp, _Alloc>::_Tp_alloc_type& std::_Deque_base<_Tp, _Alloc>::_M_get_Tp_allocator() [with _Tp = Measurement; _Alloc = std::allocator<Measurement>]	16	static
C:\ST\STM32CubeIDE_1.19.0\STM32CubeIDE\plugins\com.st.stm32cube.ide.mcu.externaltools.gnu-tools-for-stm32.13.3.rel1.win32_1.0.0.202411081344\tools\bin/../lib/gcc/arm-none-eabi/13.3.1/../../../../arm-none-eabi/include/c++/13.3.1/bits/vector.tcc:315:7:constexpr void std::vector<_Tp, _Alloc>::_M_assign_aux(_ForwardIterator, _ForwardIterator, std::forward_iterator_tag) [with _ForwardIterator = const float*; _Tp = float; _Alloc = std::allocator<float>]	96	static
C:\ST\STM32CubeIDE_1.19.0\STM32CubeIDE\plugins\com.st.stm32cube.ide.mcu.externaltools.gnu-tools-for-stm32.13.3.rel1.win32_1.0.0.202411081344\tools\bin/../lib/gcc/arm-none-eabi/13.3.1/../../../../arm-none-eabi/include/c++/13.3.1/bits/move.h:97:5:constexpr typename std::remove_reference<_Tp>::type&& std::move(_Tp&&) [with _Tp = vector<float>&]	16	static
C:\ST\STM32CubeIDE_1.19.0\STM32CubeIDE\plugins\com.st.stm32cube.ide.mcu.externaltools.gnu-tools-for-stm32.13.3.rel1.win32_1.0.0.202411081344\tools\bin/../lib/gcc/arm-none-eabi/13.3.1/../../../../arm-none-eabi/include/c++/13.3.1/bits/stl_vector.h:1959:7:constexpr void std::vector<_Tp, _Alloc>::_M_move_assign(std::vector<_Tp, _Alloc>&&, std::true_type) [with _Tp = float; _Alloc = std::allocator<float>]	56	static
C:\Users\harry\Desktop\soar\eigen-3.4.0\eigen-3.4.0\Eigen\src/Core/MatrixBase.h:485:5:Eigen::MatrixBase<Derived>::MatrixBase() [with Derived = Eigen::Matrix<float, -1, 1>]	16	static
C:\Users\harry\Desktop\soar\eigen-3.4.0\eigen-3.4.0\Eigen\src/Core/PlainObjectBase.h:476:25:Eigen::PlainObjectBase<Derived>::PlainObjectBase() [with Derived = Eigen::Matrix<float, -1, 1>]	16	static
C:\Users\harry\Desktop\soar\eigen-3.4.0\eigen-3.4.0\Eigen\src/Core/PlainObjectBase.h:968:37:static void Eigen::PlainObjectBase<Derived>::_check_template_params() [with Derived = Eigen::Matrix<float, -1, 1>]	4	static
C:\Users\harry\Desktop\soar\eigen-3.4.0\eigen-3.4.0\Eigen\src/Core/util/Memory.h:442:64:void Eigen::internal::conditional_aligned_delete_auto(T*, std::size_t) [with T = float; bool Align = true]	16	static
C:\ST\STM32CubeIDE_1.19.0\STM32CubeIDE\plugins\com.st.stm32cube.ide.mcu.externaltools.gnu-tools-for-stm32.13.3.rel1.win32_1.0.0.202411081344\tools\bin/../lib/gcc/arm-none-eabi/13.3.1/../../../../arm-none-eabi/include/c++/13.3.1/bits/stl_vector.h:99:2:constexpr std::_Vector_base<_Tp, _Alloc>::_Vector_impl_data::_Vector_impl_data() [with _Tp = Scenario; _Alloc = std::allocator<Scenario>]	16	static
C:\ST\STM32CubeIDE_1.19.0\STM32CubeIDE\plugins\com.st.stm32cube.ide.mcu.externaltools.gnu-tools-for-stm32.13.3.rel1.win32_1.0.0.202411081344\tools\bin/../lib/gcc/arm-none-eabi/13.3.1/../../../../arm-none-eabi/include/c++/13.3.1/bits/stl_deque.h:545:2:std::_Deque_base<_Tp, _Alloc>::_Deque_impl::_Deque_impl() [with _Tp = Measurement; _Alloc = std::allocator<Measurement>]	24	static
C:\ST\STM32CubeIDE_1.19.0\STM32CubeIDE\plugins\com.st.stm32cube.ide.mcu.externaltools.gnu-tools-for-stm32.13.3.rel1.win32_1.0.0.202411081344\tools\bin/../lib/gcc/arm-none-eabi/13.3.1/../../../../arm-none-eabi/include/c++/13.3.1/bits/stl_deque.h:638:5:void std::_Deque_base<_Tp, _Alloc>::_M_initialize_map(std::size_t) [with _Tp = Measurement; _Alloc = std::allocator<Measurement>]	48	static
C:\ST\STM32CubeIDE_1.19.0\STM32CubeIDE\plugins\com.st.stm32cube.ide.mcu.externaltools.gnu-tools-for-stm32.13.3.rel1.win32_1.0.0.202411081344\tools\bin/../lib/gcc/arm-none-eabi/13.3.1/../../../../arm-none-eabi/include/c++/13.3.1/bits/stl_deque.h:695:5:void std::_Deque_base<_Tp, _Alloc>::_M_destroy_nodes(_Map_pointer, _Map_pointer) [with _Tp = Measurement; _Alloc = std::allocator<Measurement>]	32	static
C:\ST\STM32CubeIDE_1.19.0\STM32CubeIDE\plugins\com.st.stm32cube.ide.mcu.externaltools.gnu-tools-for-stm32.13.3.rel1.win32_1.0.0.202411081344\tools\bin/../lib/gcc/arm-none-eabi/13.3.1/../../../../arm-none-eabi/include/c++/13.3.1/bits/stl_deque.h:601:7:void std::_Deque_base<_Tp, _Alloc>::_M_deallocate_map(_Map_pointer, std::size_t) [with _Tp = Measurement; _Alloc = std::allocator<Measurement>]	48	static
C:\ST\STM32CubeIDE_1.19.0\STM32CubeIDE\plugins\com.st.stm32cube.ide.mcu.externaltools.gnu-tools-for-stm32.13.3.rel1.win32_1.0.0.202411081344\tools\bin/../lib/gcc/arm-none-eabi/13.3.1/../../../../arm-none-eabi/include/c++/13.3.1/bits/stl_deque.h:1170:7:std::deque<_Tp, _Alloc>::iterator std::deque<_Tp, _Alloc>::end() [with _Tp = Measurement; _Alloc = std::allocator<Measurement>]	16	static
C:\ST\STM32CubeIDE_1.19.0\STM32CubeIDE\plugins\com.st.stm32cube.ide.mcu.externaltools.gnu-tools-for-stm32.13.3.rel1.win32_1.0.0.202411081344\tools\bin/../lib/gcc/arm-none-eabi/13.3.1/../../../../arm-none-eabi/include/c++/13.3.1/bits/stl_deque.h:2087:7:void std::deque<_Tp, _Alloc>::_M_destroy_data(iterator, iterator, const std::allocator<_Up>&) [with _Tp = Measurement; _Alloc = std::allocator<Measurement>]	56	static
C:\Users\harry\Desktop\soar\eigen-3.4.0\eigen-3.4.0\Eigen\src/Core/MatrixBase.h:485:5:Eigen::MatrixBase<Derived>::MatrixBase() [with Derived = Eigen::Matrix<float, -1, -1>]	16	static
C:\Users\harry\Desktop\soar\eigen-3.4.0\eigen-3.4.0\Eigen\src/Core/PlainObjectBase.h:476:25:Eigen::PlainObjectBase<Derived>::PlainObjectBase() [with Derived = Eigen::Matrix<float, -1, -1>]	16	static
C:\Users\harry\Desktop\soar\eigen-3.4.0\eigen-3.4.0\Eigen\src/Core/PlainObjectBase.h:968:37:static void Eigen::PlainObjectBase<Derived>::_check_template_params() [with Derived = Eigen::Matrix<float, -1, -1>]	4	static
C:\ST\STM32CubeIDE_1.19.0\STM32CubeIDE\plugins\com.st.stm32cube.ide.mcu.externaltools.gnu-tools-for-stm32.13.3.rel1.win32_1.0.0.202411081344\tools\bin/../lib/gcc/arm-none-eabi/13.3.1/../../../../arm-none-eabi/include/c++/13.3.1/bits/move.h:97:5:constexpr typename std::remove_reference<_Tp>::type&& std::move(_Tp&&) [with _Tp = Eigen::Matrix<float, -1, 1>&]	16	static
C:\Users\harry\Desktop\soar\eigen-3.4.0\eigen-3.4.0\Eigen\src/Core/PlainObjectBase.h:501:22:Eigen::PlainObjectBase<Derived>& Eigen::PlainObjectBase<Derived>::operator=(Eigen::PlainObjectBase<Derived>&&) [with Derived = Eigen::Matrix<float, -1, 1>]	16	static
C:\ST\STM32CubeIDE_1.19.0\STM32CubeIDE\plugins\com.st.stm32cube.ide.mcu.externaltools.gnu-tools-for-stm32.13.3.rel1.win32_1.0.0.202411081344\tools\bin/../lib/gcc/arm-none-eabi/13.3.1/../../../../arm-none-eabi/include/c++/13.3.1/bits/move.h:97:5:constexpr typename std::remove_reference<_Tp>::type&& std::move(_Tp&&) [with _Tp = vector<Scenario>&]	16	static
C:\ST\STM32CubeIDE_1.19.0\STM32CubeIDE\plugins\com.st.stm32cube.ide.mcu.externaltools.gnu-tools-for-stm32.13.3.rel1.win32_1.0.0.202411081344\tools\bin/../lib/gcc/arm-none-eabi/13.3.1/../../../../arm-none-eabi/include/c++/13.3.1/bits/stl_vector.h:1959:7:constexpr void std::vector<_Tp, _Alloc>::_M_move_assign(std::vector<_Tp, _Alloc>&&, std::true_type) [with _Tp = Scenario; _Alloc = std::allocator<Scenario>]	56	static
C:\ST\STM32CubeIDE_1.19.0\STM32CubeIDE\plugins\com.st.stm32cube.ide.mcu.externaltools.gnu-tools-for-stm32.13.3.rel1.win32_1.0.0.202411081344\tools\bin/../lib/gcc/arm-none-eabi/13.3.1/../../../../arm-none-eabi/include/c++/13.3.1/bits/move.h:97:5:constexpr typename std::remove_reference<_Tp>::type&& std::move(_Tp&&) [with _Tp = vector<pair<vector<float>, vector<float> > >&]	16	static
C:\ST\STM32CubeIDE_1.19.0\STM32CubeIDE\plugins\com.st.stm32cube.ide.mcu.externaltools.gnu-tools-for-stm32.13.3.rel1.win32_1.0.0.202411081344\tools\bin/../lib/gcc/arm-none-eabi/13.3.1/../../../../arm-none-eabi/include/c++/13.3.1/bits/stl_vector.h:1959:7:constexpr void std::vector<_Tp, _Alloc>::_M_move_assign(std::vector<_Tp, _Alloc>&&, std::true_type) [with _Tp = std::pair<std::vector<float>, std::vector<float> >; _Alloc = std::allocator<std::pair<std::vector<float>, std::vector<float> > >]	56	static
C:\ST\STM32CubeIDE_1.19.0\STM32CubeIDE\plugins\com.st.stm32cube.ide.mcu.externaltools.gnu-tools-for-stm32.13.3.rel1.win32_1.0.0.202411081344\tools\bin/../lib/gcc/arm-none-eabi/13.3.1/../../../../arm-none-eabi/include/c++/13.3.1/bits/move.h:97:5:constexpr typename std::remove_reference<_Tp>::type&& std::move(_Tp&&) [with _Tp = vector<int>&]	16	static
C:\ST\STM32CubeIDE_1.19.0\STM32CubeIDE\plugins\com.st.stm32cube.ide.mcu.externaltools.gnu-tools-for-stm32.13.3.rel1.win32_1.0.0.202411081344\tools\bin/../lib/gcc/arm-none-eabi/13.3.1/../../../../arm-none-eabi/include/c++/13.3.1/bits/stl_vector.h:1959:7:constexpr void std::vector<_Tp, _Alloc>::_M_move_assign(std::vector<_Tp, _Alloc>&&, std::true_type) [with _Tp = int; _Alloc = std::allocator<int>]	56	static
C:\ST\STM32CubeIDE_1.19.0\STM32CubeIDE\plugins\com.st.stm32cube.ide.mcu.externaltools.gnu-tools-for-stm32.13.3.rel1.win32_1.0.0.202411081344\tools\bin/../lib/gcc/arm-none-eabi/13.3.1/../../../../arm-none-eabi/include/c++/13.3.1/bits/move.h:97:5:constexpr typename std::remove_reference<_Tp>::type&& std::move(_Tp&&) [with _Tp = vector<vector<int> >&]	16	static
C:\ST\STM32CubeIDE_1.19.0\STM32CubeIDE\plugins\com.st.stm32cube.ide.mcu.externaltools.gnu-tools-for-stm32.13.3.rel1.win32_1.0.0.202411081344\tools\bin/../lib/gcc/arm-none-eabi/13.3.1/../../../../arm-none-eabi/include/c++/13.3.1/bits/stl_vector.h:1959:7:constexpr void std::vector<_Tp, _Alloc>::_M_move_assign(std::vector<_Tp, _Alloc>&&, std::true_type) [with _Tp = std::vector<int>; _Alloc = std::allocator<std::vector<int> >]	56	static
C:\ST\STM32CubeIDE_1.19.0\STM32CubeIDE\plugins\com.st.stm32cube.ide.mcu.externaltools.gnu-tools-for-stm32.13.3.rel1.win32_1.0.0.202411081344\tools\bin/../lib/gcc/arm-none-eabi/13.3.1/../../../../arm-none-eabi/include/c++/13.3.1/bits/move.h:97:5:constexpr typename std::remove_reference<_Tp>::type&& std::move(_Tp&&) [with _Tp = deque<Measurement>&]	16	static
C:\ST\STM32CubeIDE_1.19.0\STM32CubeIDE\plugins\com.st.stm32cube.ide.mcu.externaltools.gnu-tools-for-stm32.13.3.rel1.win32_1.0.0.202411081344\tools\bin/../lib/gcc/arm-none-eabi/13.3.1/../../../../arm-none-eabi/include/c++/13.3.1/bits/stl_deque.h:2191:7:void std::deque<_Tp, _Alloc>::_M_move_assign1(std::deque<_Tp, _Alloc>&&, std::true_type) [with _Tp = Measurement; _Alloc = std::allocator<Measurement>]	40	static
C:\ST\STM32CubeIDE_1.19.0\STM32CubeIDE\plugins\com.st.stm32cube.ide.mcu.externaltools.gnu-tools-for-stm32.13.3.rel1.win32_1.0.0.202411081344\tools\bin/../lib/gcc/arm-none-eabi/13.3.1/../../../../arm-none-eabi/include/c++/13.3.1/bits/move.h:97:5:constexpr typename std::remove_reference<_Tp>::type&& std::move(_Tp&&) [with _Tp = Eigen::Matrix<float, -1, -1>&]	16	static
C:\Users\harry\Desktop\soar\eigen-3.4.0\eigen-3.4.0\Eigen\src/Core/PlainObjectBase.h:501:22:Eigen::PlainObjectBase<Derived>& Eigen::PlainObjectBase<Derived>::operator=(Eigen::PlainObjectBase<Derived>&&) [with Derived = Eigen::Matrix<float, -1, -1>]	16	static
C:\ST\STM32CubeIDE_1.19.0\STM32CubeIDE\plugins\com.st.stm32cube.ide.mcu.externaltools.gnu-tools-for-stm32.13.3.rel1.win32_1.0.0.202411081344\tools\arm-none-eabi\include\c++\13.3.1\bits\stl_construct.h:182:5:constexpr void std::_Destroy(_ForwardIterator, _ForwardIterator) [with _ForwardIterator = float*]	16	static
C:\ST\STM32CubeIDE_1.19.0\STM32CubeIDE\plugins\com.st.stm32cube.ide.mcu.externaltools.gnu-tools-for-stm32.13.3.rel1.win32_1.0.0.202411081344\tools\arm-none-eabi\include\c++\13.3.1\bits\stl_construct.h:182:5:constexpr void std::_Destroy(_ForwardIterator, _ForwardIterator) [with _ForwardIterator = vector<float>*]	16	static
C:\ST\STM32CubeIDE_1.19.0\STM32CubeIDE\plugins\com.st.stm32cube.ide.mcu.externaltools.gnu-tools-for-stm32.13.3.rel1.win32_1.0.0.202411081344\tools\bin/../lib/gcc/arm-none-eabi/13.3.1/../../../../arm-none-eabi/include/c++/13.3.1/bits/stl_vector.h:1933:7:constexpr void std::vector<_Tp, _Alloc>::_M_erase_at_end(pointer) [with _Tp = float; _Alloc = std::allocator<float>]	40	static
C:\ST\STM32CubeIDE_1.19.0\STM32CubeIDE\plugins\com.st.stm32cube.ide.mcu.externaltools.gnu-tools-for-stm32.13.3.rel1.win32_1.0.0.202411081344\tools\bin/../lib/gcc/arm-none-eabi/13.3.1/../../../../arm-none-eabi/include/c++/13.3.1/bits/stl_iterator.h:1076:7:constexpr __gnu_cxx::__normal_iterator<_Iterator, _Container>::__normal_iterator(const _Iterator&) [with _Iterator = const float*; _Container = std::vector<float>]	16	static
C:\ST\STM32CubeIDE_1.19.0\STM32CubeIDE\plugins\com.st.stm32cube.ide.mcu.externaltools.gnu-tools-for-stm32.13.3.rel1.win32_1.0.0.202411081344\tools\arm-none-eabi\include\c++\13.3.1\bits\cpp_type_traits.h:607:5:constexpr _Iterator std::__miter_base(_Iterator) [with _Iterator = __gnu_cxx::__normal_iterator<const float*, vector<float> >]	16	static
C:\ST\STM32CubeIDE_1.19.0\STM32CubeIDE\plugins\com.st.stm32cube.ide.mcu.externaltools.gnu-tools-for-stm32.13.3.rel1.win32_1.0.0.202411081344\tools\bin/../lib/gcc/arm-none-eabi/13.3.1/../../../../arm-none-eabi/include/c++/13.3.1/bits/stl_vector.h:396:7:constexpr void std::_Vector_base<_Tp, _Alloc>::_M_create_storage(std::size_t) [with _Tp = float; _Alloc = std::allocator<float>]	16	static
C:\ST\STM32CubeIDE_1.19.0\STM32CubeIDE\plugins\com.st.stm32cube.ide.mcu.externaltools.gnu-tools-for-stm32.13.3.rel1.win32_1.0.0.202411081344\tools\bin/../lib/gcc/arm-none-eabi/13.3.1/../../../../arm-none-eabi/include/c++/13.3.1/bits/stl_iterator.h:1197:5:constexpr bool __gnu_cxx::operator==(const __normal_iterator<_Iterator, _Container>&, const __normal_iterator<_Iterator, _Container>&) requires requires{{__gnu_cxx::operator==::__lhs->base() == __gnu_cxx::operator==::__rhs->base()} -> decltype(auto) [requires std::convertible_to<<placeholder>, bool>];} [with _Iterator = const float*; _Container = std::vector<float>]	24	static
C:\ST\STM32CubeIDE_1.19.0\STM32CubeIDE\plugins\com.st.stm32cube.ide.mcu.externaltools.gnu-tools-for-stm32.13.3.rel1.win32_1.0.0.202411081344\tools\bin/../lib/gcc/arm-none-eabi/13.3.1/../../../../arm-none-eabi/include/c++/13.3.1/bits/stl_iterator.h:1162:7:constexpr const _Iterator& __gnu_cxx::__normal_iterator<_Iterator, _Container>::base() const [with _Iterator = const float*; _Container = std::vector<float>]	16	static
C:\ST\STM32CubeIDE_1.19.0\STM32CubeIDE\plugins\com.st.stm32cube.ide.mcu.externaltools.gnu-tools-for-stm32.13.3.rel1.win32_1.0.0.202411081344\tools\arm-none-eabi\include\c++\13.3.1\bits\stl_uninitialized.h:113:5:constexpr _ForwardIterator std::__do_uninit_copy(_InputIterator, _InputIterator, _ForwardIterator) [with _InputIterator = __gnu_cxx::__normal_iterator<const float*, vector<float> >; _ForwardIterator = float*]	40	static
C:\ST\STM32CubeIDE_1.19.0\STM32CubeIDE\plugins\com.st.stm32cube.ide.mcu.externaltools.gnu-tools-for-stm32.13.3.rel1.win32_1.0.0.202411081344\tools\arm-none-eabi\include\c++\13.3.1\bits\stl_uninitialized.h:163:5:_ForwardIterator std::uninitialized_copy(_InputIterator, _InputIterator, _ForwardIterator) [with _InputIterator = __gnu_cxx::__normal_iterator<const float*, vector<float> >; _ForwardIterator = float*]	32	static
C:\ST\STM32CubeIDE_1.19.0\STM32CubeIDE\plugins\com.st.stm32cube.ide.mcu.externaltools.gnu-tools-for-stm32.13.3.rel1.win32_1.0.0.202411081344\tools\bin/../lib/gcc/arm-none-eabi/13.3.1/../../../../arm-none-eabi/include/c++/13.3.1/bits/move.h:51:5:constexpr _Tp* std::__addressof(_Tp&) [with _Tp = float]	16	static
C:\ST\STM32CubeIDE_1.19.0\STM32CubeIDE\plugins\com.st.stm32cube.ide.mcu.externaltools.gnu-tools-for-stm32.13.3.rel1.win32_1.0.0.202411081344\tools\arm-none-eabi\include\c++\13.3.1\bits\stl_construct.h:109:5:) [with _Tp = float; _Args = {const float&}]	24	static
C:\ST\STM32CubeIDE_1.19.0\STM32CubeIDE\plugins\com.st.stm32cube.ide.mcu.externaltools.gnu-tools-for-stm32.13.3.rel1.win32_1.0.0.202411081344\tools\arm-none-eabi\include\c++\13.3.1\bits\stl_uninitialized.h:145:9:static _ForwardIterator std::__uninitialized_copy<true>::__uninit_copy(_InputIterator, _InputIterator, _ForwardIterator) [with _InputIterator = const float*; _ForwardIterator = float*]	24	static
C:\ST\STM32CubeIDE_1.19.0\STM32CubeIDE\plugins\com.st.stm32cube.ide.mcu.externaltools.gnu-tools-for-stm32.13.3.rel1.win32_1.0.0.202411081344\tools\bin/../lib/gcc/arm-none-eabi/13.3.1/../../../../arm-none-eabi/include/c++/13.3.1/bits/stl_vector.h:146:2:constexpr std::_Vector_base<_Tp, _Alloc>::_Vector_impl::_Vector_impl(const std::_Vector_base<_Tp, _Alloc>::_Tp_alloc_type&) [with _Tp = std::pair<std::vector<float>, std::vector<float> >; _Alloc = std::allocator<std::pair<std::vector<float>, std::vector<float> > >]	32	static
C:\ST\STM32CubeIDE_1.19.0\STM32CubeIDE\plugins\com.st.stm32cube.ide.mcu.externaltools.gnu-tools-for-stm32.13.3.rel1.win32_1.0.0.202411081344\tools\bin/../lib/gcc/arm-none-eabi/13.3.1/../../../../arm-none-eabi/include/c++/13.3.1/bits/stl_vector.h:386:7:constexpr void std::_Vector_base<_Tp, _Alloc>::_M_deallocate(pointer, std::size_t) [with _Tp = std::pair<std::vector<float>, std::vector<float> >; _Alloc = std::allocator<std::pair<std::vector<float>, std::vector<float> > >]	48	static
C:\ST\STM32CubeIDE_1.19.0\STM32CubeIDE\plugins\com.st.stm32cube.ide.mcu.externaltools.gnu-tools-for-stm32.13.3.rel1.win32_1.0.0.202411081344\tools\bin/../lib/gcc/arm-none-eabi/13.3.1/../../../../arm-none-eabi/include/c++/13.3.1/initializer_list:69:7:constexpr std::initializer_list<_E>::size_type std::initializer_list<_E>::size() const [with _E = std::pair<std::vector<float>, std::vector<float> >]	16	static
C:\ST\STM32CubeIDE_1.19.0\STM32CubeIDE\plugins\com.st.stm32cube.ide.mcu.externaltools.gnu-tools-for-stm32.13.3.rel1.win32_1.0.0.202411081344\tools\bin/../lib/gcc/arm-none-eabi/13.3.1/../../../../arm-none-eabi/include/c++/13.3.1/bits/stl_vector.h:1907:7:static constexpr std::vector<_Tp, _Alloc>::size_type std::vector<_Tp, _Alloc>::_S_check_init_len(size_type, const allocator_type&) [with _Tp = std::pair<std::vector<float>, std::vector<float> >; _Alloc = std::allocator<std::pair<std::vector<float>, std::vector<float> > >]	32	static
C:\ST\STM32CubeIDE_1.19.0\STM32CubeIDE\plugins\com.st.stm32cube.ide.mcu.externaltools.gnu-tools-for-stm32.13.3.rel1.win32_1.0.0.202411081344\tools\bin/../lib/gcc/arm-none-eabi/13.3.1/../../../../arm-none-eabi/include/c++/13.3.1/bits/stl_vector.h:378:7:constexpr std::_Vector_base<_Tp, _Alloc>::pointer std::_Vector_base<_Tp, _Alloc>::_M_allocate(std::size_t) [with _Tp = std::pair<std::vector<float>, std::vector<float> >; _Alloc = std::allocator<std::pair<std::vector<float>, std::vector<float> > >]	40	static
C:\ST\STM32CubeIDE_1.19.0\STM32CubeIDE\plugins\com.st.stm32cube.ide.mcu.externaltools.gnu-tools-for-stm32.13.3.rel1.win32_1.0.0.202411081344\tools\arm-none-eabi\include\c++\13.3.1\bits\stl_uninitialized.h:366:5:constexpr _ForwardIterator std::__uninitialized_copy_a(_InputIterator, _InputIterator, _ForwardIterator, allocator<_Tp>&) [with _InputIterator = const pair<vector<float>, vector<float> >*; _ForwardIterator = pair<vector<float>, vector<float> >*; _Tp = pair<vector<float>, vector<float> >]	24	static
C:\ST\STM32CubeIDE_1.19.0\STM32CubeIDE\plugins\com.st.stm32cube.ide.mcu.externaltools.gnu-tools-for-stm32.13.3.rel1.win32_1.0.0.202411081344\tools\arm-none-eabi\include\c++\13.3.1\bits\stl_construct.h:182:5:constexpr void std::_Destroy(_ForwardIterator, _ForwardIterator) [with _ForwardIterator = pair<vector<float>, vector<float> >*]	16	static
C:\ST\STM32CubeIDE_1.19.0\STM32CubeIDE\plugins\com.st.stm32cube.ide.mcu.externaltools.gnu-tools-for-stm32.13.3.rel1.win32_1.0.0.202411081344\tools\arm-none-eabi\include\c++\13.3.1\bits\stl_construct.h:182:5:constexpr void std::_Destroy(_ForwardIterator, _ForwardIterator) [with _ForwardIterator = int*]	16	static
C:\ST\STM32CubeIDE_1.19.0\STM32CubeIDE\plugins\com.st.stm32cube.ide.mcu.externaltools.gnu-tools-for-stm32.13.3.rel1.win32_1.0.0.202411081344\tools\bin/../lib/gcc/arm-none-eabi/13.3.1/../../../../arm-none-eabi/include/c++/13.3.1/bits/move.h:51:5:constexpr _Tp* std::__addressof(_Tp&) [with _Tp = int]	16	static
C:\ST\STM32CubeIDE_1.19.0\STM32CubeIDE\plugins\com.st.stm32cube.ide.mcu.externaltools.gnu-tools-for-stm32.13.3.rel1.win32_1.0.0.202411081344\tools\arm-none-eabi\include\c++\13.3.1\bits\stl_construct.h:109:5:) [with _Tp = int; _Args = {const int&}]	24	static
C:\ST\STM32CubeIDE_1.19.0\STM32CubeIDE\plugins\com.st.stm32cube.ide.mcu.externaltools.gnu-tools-for-stm32.13.3.rel1.win32_1.0.0.202411081344\tools\arm-none-eabi\include\c++\13.3.1\bits\stl_uninitialized.h:145:9:static _ForwardIterator std::__uninitialized_copy<true>::__uninit_copy(_InputIterator, _InputIterator, _ForwardIterator) [with _InputIterator = const int*; _ForwardIterator = int*]	24	static
C:\ST\STM32CubeIDE_1.19.0\STM32CubeIDE\plugins\com.st.stm32cube.ide.mcu.externaltools.gnu-tools-for-stm32.13.3.rel1.win32_1.0.0.202411081344\tools\bin/../lib/gcc/arm-none-eabi/13.3.1/../../../../arm-none-eabi/include/c++/13.3.1/bits/stl_vector.h:146:2:constexpr std::_Vector_base<_Tp, _Alloc>::_Vector_impl::_Vector_impl(const std::_Vector_base<_Tp, _Alloc>::_Tp_alloc_type&) [with _Tp = std::vector<int>; _Alloc = std::allocator<std::vector<int> >]	32	static
C:\ST\STM32CubeIDE_1.19.0\STM32CubeIDE\plugins\com.st.stm32cube.ide.mcu.externaltools.gnu-tools-for-stm32.13.3.rel1.win32_1.0.0.202411081344\tools\bin/../lib/gcc/arm-none-eabi/13.3.1/../../../../arm-none-eabi/include/c++/13.3.1/bits/stl_vector.h:386:7:constexpr void std::_Vector_base<_Tp, _Alloc>::_M_deallocate(pointer, std::size_t) [with _Tp = std::vector<int>; _Alloc = std::allocator<std::vector<int> >]	48	static
C:\ST\STM32CubeIDE_1.19.0\STM32CubeIDE\plugins\com.st.stm32cube.ide.mcu.externaltools.gnu-tools-for-stm32.13.3.rel1.win32_1.0.0.202411081344\tools\bin/../lib/gcc/arm-none-eabi/13.3.1/../../../../arm-none-eabi/include/c++/13.3.1/initializer_list:69:7:constexpr std::initializer_list<_E>::size_type std::initializer_list<_E>::size() const [with _E = std::vector<int>]	16	static
C:\ST\STM32CubeIDE_1.19.0\STM32CubeIDE\plugins\com.st.stm32cube.ide.mcu.externaltools.gnu-tools-for-stm32.13.3.rel1.win32_1.0.0.202411081344\tools\bin/../lib/gcc/arm-none-eabi/13.3.1/../../../../arm-none-eabi/include/c++/13.3.1/bits/stl_vector.h:1907:7:static constexpr std::vector<_Tp, _Alloc>::size_type std::vector<_Tp, _Alloc>::_S_check_init_len(size_type, const allocator_type&) [with _Tp = std::vector<int>; _Alloc = std::allocator<std::vector<int> >]	32	static
C:\ST\STM32CubeIDE_1.19.0\STM32CubeIDE\plugins\com.st.stm32cube.ide.mcu.externaltools.gnu-tools-for-stm32.13.3.rel1.win32_1.0.0.202411081344\tools\bin/../lib/gcc/arm-none-eabi/13.3.1/../../../../arm-none-eabi/include/c++/13.3.1/bits/stl_vector.h:378:7:constexpr std::_Vector_base<_Tp, _Alloc>::pointer std::_Vector_base<_Tp, _Alloc>::_M_allocate(std::size_t) [with _Tp = std::vector<int>; _Alloc = std::allocator<std::vector<int> >]	40	static
C:\ST\STM32CubeIDE_1.19.0\STM32CubeIDE\plugins\com.st.stm32cube.ide.mcu.externaltools.gnu-tools-for-stm32.13.3.rel1.win32_1.0.0.202411081344\tools\arm-none-eabi\include\c++\13.3.1\bits\stl_uninitialized.h:366:5:constexpr _ForwardIterator std::__uninitialized_copy_a(_InputIterator, _InputIterator, _ForwardIterator, allocator<_Tp>&) [with _InputIterator = const vector<int>*; _ForwardIterator = vector<int>*; _Tp = vector<int>]	24	static
C:\ST\STM32CubeIDE_1.19.0\STM32CubeIDE\plugins\com.st.stm32cube.ide.mcu.externaltools.gnu-tools-for-stm32.13.3.rel1.win32_1.0.0.202411081344\tools\arm-none-eabi\include\c++\13.3.1\bits\stl_construct.h:182:5:constexpr void std::_Destroy(_ForwardIterator, _ForwardIterator) [with _ForwardIterator = vector<int>*]	16	static
C:\ST\STM32CubeIDE_1.19.0\STM32CubeIDE\plugins\com.st.stm32cube.ide.mcu.externaltools.gnu-tools-for-stm32.13.3.rel1.win32_1.0.0.202411081344\tools\arm-none-eabi\include\c++\13.3.1\bits\stl_construct.h:182:5:constexpr void std::_Destroy(_ForwardIterator, _ForwardIterator) [with _ForwardIterator = Scenario*]	16	static
C:\ST\STM32CubeIDE_1.19.0\STM32CubeIDE\plugins\com.st.stm32cube.ide.mcu.externaltools.gnu-tools-for-stm32.13.3.rel1.win32_1.0.0.202411081344\tools\bin/../lib/gcc/arm-none-eabi/13.3.1/../../../../arm-none-eabi/include/c++/13.3.1/bits/stl_deque.h:131:21:static std::size_t std::_Deque_iterator<_Tp, _Ref, _Ptr>::_S_buffer_size() [with _Tp = Measurement; _Ref = Measurement&; _Ptr = Measurement*]	8	static
C:\ST\STM32CubeIDE_1.19.0\STM32CubeIDE\plugins\com.st.stm32cube.ide.mcu.externaltools.gnu-tools-for-stm32.13.3.rel1.win32_1.0.0.202411081344\tools\bin/../lib/gcc/arm-none-eabi/13.3.1/../../../../arm-none-eabi/include/c++/13.3.1/bits/stl_deque.h:168:7:std::_Deque_iterator<_Tp, _Ref, _Ptr>::_Deque_iterator(const std::_Deque_iterator<_Tp, _Ref, _Ptr>&) [with _Tp = Measurement; _Ref = Measurement&; _Ptr = Measurement*]	16	static
[...]
C:\ST\STM32CubeIDE_1.19.0\STM32CubeIDE\plugins\com.st.stm32cube.ide.mcu.externaltools.gnu-tools-for-stm32.13.3.rel1.win32_1.0.0.202411081344\tools\bin/../lib/gcc/arm-none-eabi/13.3.1/../../../../arm-none-eabi/include/c++/13.3.1/bits/stl_deque.h:521:2:std::_Deque_base<_Tp, _Alloc>::_Deque_impl_data::_Deque_impl_data(const std::_Deque_base<_Tp, _Alloc>::_Deque_impl_data&) [with _Tp = Measurement; _Alloc = std::allocator<Measurement>]	16	static
C:\ST\STM32CubeIDE_1.19.0\STM32CubeIDE\plugins\com.st.stm32cube.ide.mcu.externaltools.gnu-tools-for-stm32.13.3.rel1.win32_1.0.0.202411081344\tools\bin/../lib/gcc/arm-none-eabi/13.3.1/../../../../arm-none-eabi/include/c++/13.3.1/bits/stl_deque.h:525:2:std::_Deque_base<_Tp, _Alloc>::_Deque_impl_data::_Deque_impl_data(std::_Deque_base<_Tp, _Alloc>::_Deque_impl_data&&) [with _Tp = Measurement; _Alloc = std::allocator<Measurement>]	64	static
C:\ST\STM32CubeIDE_1.19.0\STM32CubeIDE\plugins\com.st.stm32cube.ide.mcu.externaltools.gnu-tools-for-stm32.13.3.rel1.win32_1.0.0.202411081344\tools\arm-none-eabi\include\c++\13.3.1\bits\stl_construct.h:80:5:constexpr void std::destroy_at(_Tp*) [with _Tp = float]	16	static
C:\ST\STM32CubeIDE_1.19.0\STM32CubeIDE\plugins\com.st.stm32cube.ide.mcu.externaltools.gnu-tools-for-stm32.13.3.rel1.win32_1.0.0.202411081344\tools\bin/../lib/gcc/arm-none-eabi/13.3.1/../../../../arm-none-eabi/include/c++/13.3.1/bits/stl_algobase.h:383:2:static constexpr _OI std::__copy_move<false, false, std::random_access_iterator_tag>::__copy_m(_II, _II, _OI) [with _II = const float*; _OI = float*]	32	static
C:\ST\STM32CubeIDE_1.19.0\STM32CubeIDE\plugins\com.st.stm32cube.ide.mcu.externaltools.gnu-tools-for-stm32.13.3.rel1.win32_1.0.0.202411081344\tools\bin/../lib/gcc/arm-none-eabi/13.3.1/../../../../arm-none-eabi/include/c++/13.3.1/bits/stl_algobase.h:433:2:static constexpr _Up* std::__copy_move<_IsMove, true, std::random_access_iterator_tag>::__copy_m(_Tp*, _Tp*, _Up*) [with _Tp = const float; _Up = float; bool _IsMove = false]	32	static
C:\ST\STM32CubeIDE_1.19.0\STM32CubeIDE\plugins\com.st.stm32cube.ide.mcu.externaltools.gnu-tools-for-stm32.13.3.rel1.win32_1.0.0.202411081344\tools\bin/../lib/gcc/arm-none-eabi/13.3.1/../../../../arm-none-eabi/include/c++/13.3.1/bits/stl_algobase.h:538:5:constexpr _OI std::__copy_move_a(_II, _II, _OI) [with bool _IsMove = false; _II = __gnu_cxx::__normal_iterator<const float*, vector<float> >; _OI = float*]	32	static
C:\ST\STM32CubeIDE_1.19.0\STM32CubeIDE\plugins\com.st.stm32cube.ide.mcu.externaltools.gnu-tools-for-stm32.13.3.rel1.win32_1.0.0.202411081344\tools\arm-none-eabi\include\c++\13.3.1\bits\new_allocator.h:156:7:void std::__new_allocator<_Tp>::deallocate(_Tp*, size_type) [with _Tp = std::pair<std::vector<float>, std::vector<float> >]	24	static
C:\ST\STM32CubeIDE_1.19.0\STM32CubeIDE\plugins\com.st.stm32cube.ide.mcu.externaltools.gnu-tools-for-stm32.13.3.rel1.win32_1.0.0.202411081344\tools\arm-none-eabi\include\c++\13.3.1\bits\new_allocator.h:126:7:_Tp* std::__new_allocator<_Tp>::allocate(size_type, const void*) [with _Tp = std::pair<std::vector<float>, std::vector<float> >]	32	static
C:\ST\STM32CubeIDE_1.19.0\STM32CubeIDE\plugins\com.st.stm32cube.ide.mcu.externaltools.gnu-tools-for-stm32.13.3.rel1.win32_1.0.0.202411081344\tools\bin/../lib/gcc/arm-none-eabi/13.3.1/../../../../arm-none-eabi/include/c++/13.3.1/bits/move.h:70:5:constexpr _Tp&& std::forward(typename remove_reference<_Functor>::type&) [with _Tp = const pair<vector<float>, vector<float> >&]	16	static
C:\ST\STM32CubeIDE_1.19.0\STM32CubeIDE\plugins\com.st.stm32cube.ide.mcu.externaltools.gnu-tools-for-stm32.13.3.rel1.win32_1.0.0.202411081344\tools\arm-none-eabi\include\c++\13.3.1\bits\stl_construct.h:94:5:) [with _Tp = pair<vector<float>, vector<float> >; _Args = {const pair<vector<float, allocator<float> >, vector<float, allocator<float> > >&}]	24	static
C:\ST\STM32CubeIDE_1.19.0\STM32CubeIDE\plugins\com.st.stm32cube.ide.mcu.externaltools.gnu-tools-for-stm32.13.3.rel1.win32_1.0.0.202411081344\tools\arm-none-eabi\include\c++\13.3.1\bits\stl_construct.h:80:5:constexpr void std::destroy_at(_Tp*) [with _Tp = pair<vector<float>, vector<float> >]	16	static
C:\ST\STM32CubeIDE_1.19.0\STM32CubeIDE\plugins\com.st.stm32cube.ide.mcu.externaltools.gnu-tools-for-stm32.13.3.rel1.win32_1.0.0.202411081344\tools\arm-none-eabi\include\c++\13.3.1\bits\stl_construct.h:80:5:constexpr void std::destroy_at(_Tp*) [with _Tp = int]	16	static
C:\ST\STM32CubeIDE_1.19.0\STM32CubeIDE\plugins\com.st.stm32cube.ide.mcu.externaltools.gnu-tools-for-stm32.13.3.rel1.win32_1.0.0.202411081344\tools\bin/../lib/gcc/arm-none-eabi/13.3.1/../../../../arm-none-eabi/include/c++/13.3.1/bits/stl_algobase.h:316:5:constexpr _Iterator std::__niter_base(_Iterator) [with _Iterator = const int*]	16	static
C:\ST\STM32CubeIDE_1.19.0\STM32CubeIDE\plugins\com.st.stm32cube.ide.mcu.externaltools.gnu-tools-for-stm32.13.3.rel1.win32_1.0.0.202411081344\tools\bin/../lib/gcc/arm-none-eabi/13.3.1/../../../../arm-none-eabi/include/c++/13.3.1/bits/stl_algobase.h:316:5:constexpr _Iterator std::__niter_base(_Iterator) [with _Iterator = int*]	16	static
C:\ST\STM32CubeIDE_1.19.0\STM32CubeIDE\plugins\com.st.stm32cube.ide.mcu.externaltools.gnu-tools-for-stm32.13.3.rel1.win32_1.0.0.202411081344\tools\bin/../lib/gcc/arm-none-eabi/13.3.1/../../../../arm-none-eabi/include/c++/13.3.1/bits/stl_algobase.h:532:5:constexpr _OI std::__copy_move_a1(_II, _II, _OI) [with bool _IsMove = false; _II = const int*; _OI = int*]	24	static
C:\ST\STM32CubeIDE_1.19.0\STM32CubeIDE\plugins\com.st.stm32cube.ide.mcu.externaltools.gnu-tools-for-stm32.13.3.rel1.win32_1.0.0.202411081344\tools\bin/../lib/gcc/arm-none-eabi/13.3.1/../../../../arm-none-eabi/include/c++/13.3.1/bits/stl_algobase.h:338:5:constexpr _Iterator std::__niter_wrap(const _Iterator&, _Iterator) [with _Iterator = int*]	16	static
C:\ST\STM32CubeIDE_1.19.0\STM32CubeIDE\plugins\com.st.stm32cube.ide.mcu.externaltools.gnu-tools-for-stm32.13.3.rel1.win32_1.0.0.202411081344\tools\arm-none-eabi\include\c++\13.3.1\bits\new_allocator.h:156:7:void std::__new_allocator<_Tp>::deallocate(_Tp*, size_type) [with _Tp = std::vector<int>]	24	static
C:\ST\STM32CubeIDE_1.19.0\STM32CubeIDE\plugins\com.st.stm32cube.ide.mcu.externaltools.gnu-tools-for-stm32.13.3.rel1.win32_1.0.0.202411081344\tools\arm-none-eabi\include\c++\13.3.1\bits\new_allocator.h:126:7:_Tp* std::__new_allocator<_Tp>::allocate(size_type, const void*) [with _Tp = std::vector<int>]	32	static
C:\ST\STM32CubeIDE_1.19.0\STM32CubeIDE\plugins\com.st.stm32cube.ide.mcu.externaltools.gnu-tools-for-stm32.13.3.rel1.win32_1.0.0.202411081344\tools\bin/../lib/gcc/arm-none-eabi/13.3.1/../../../../arm-none-eabi/include/c++/13.3.1/bits/move.h:70:5:constexpr _Tp&& std::forward(typename remove_reference<_Functor>::type&) [with _Tp = const vector<int>&]	16	static
C:\ST\STM32CubeIDE_1.19.0\STM32CubeIDE\plugins\com.st.stm32cube.ide.mcu.externaltools.gnu-tools-for-stm32.13.3.rel1.win32_1.0.0.202411081344\tools\arm-none-eabi\include\c++\13.3.1\bits\stl_construct.h:94:5:) [with _Tp = vector<int>; _Args = {const vector<int, allocator<int> >&}]	24	static
C:\ST\STM32CubeIDE_1.19.0\STM32CubeIDE\plugins\com.st.stm32cube.ide.mcu.externaltools.gnu-tools-for-stm32.13.3.rel1.win32_1.0.0.202411081344\tools\bin/../lib/gcc/arm-none-eabi/13.3.1/../../../../arm-none-eabi/include/c++/13.3.1/bits/stl_vector.h:601:7:constexpr std::vector<_Tp, _Alloc>::vector(const std::vector<_Tp, _Alloc>&) [with _Tp = int; _Alloc = std::allocator<int>]	64	static
C:\ST\STM32CubeIDE_1.19.0\STM32CubeIDE\plugins\com.st.stm32cube.ide.mcu.externaltools.gnu-tools-for-stm32.13.3.rel1.win32_1.0.0.202411081344\tools\arm-none-eabi\include\c++\13.3.1\bits\stl_construct.h:80:5:constexpr void std::destroy_at(_Tp*) [with _Tp = vector<int>]	16	static
../AltitudePredictionFilter/HALO.hpp:44:8:Scenario::~Scenario()	16	static
C:\ST\STM32CubeIDE_1.19.0\STM32CubeIDE\plugins\com.st.stm32cube.ide.mcu.externaltools.gnu-tools-for-stm32.13.3.rel1.win32_1.0.0.202411081344\tools\arm-none-eabi\include\c++\13.3.1\bits\stl_construct.h:80:5:constexpr void std::destroy_at(_Tp*) [with _Tp = Scenario]	16	static
C:\ST\STM32CubeIDE_1.19.0\STM32CubeIDE\plugins\com.st.stm32cube.ide.mcu.externaltools.gnu-tools-for-stm32.13.3.rel1.win32_1.0.0.202411081344\tools\arm-none-eabi\include\c++\13.3.1\bits\new_allocator.h:156:7:void std::__new_allocator<_Tp>::deallocate(_Tp*, size_type) [with _Tp = Measurement]	24	static
C:\ST\STM32CubeIDE_1.19.0\STM32CubeIDE\plugins\com.st.stm32cube.ide.mcu.externaltools.gnu-tools-for-stm32.13.3.rel1.win32_1.0.0.202411081344\tools\arm-none-eabi\include\c++\13.3.1\bits\new_allocator.h:126:7:_Tp* std::__new_allocator<_Tp>::allocate(size_type, const void*) [with _Tp = Measurement]	32	static
C:\ST\STM32CubeIDE_1.19.0\STM32CubeIDE\plugins\com.st.stm32cube.ide.mcu.externaltools.gnu-tools-for-stm32.13.3.rel1.win32_1.0.0.202411081344\tools\arm-none-eabi\include\c++\13.3.1\bits\new_allocator.h:126:7:_Tp* std::__new_allocator<_Tp>::allocate(size_type, const void*) [with _Tp = Measurement*]	32	static
C:\ST\STM32CubeIDE_1.19.0\STM32CubeIDE\plugins\com.st.stm32cube.ide.mcu.externaltools.gnu-tools-for-stm32.13.3.rel1.win32_1.0.0.202411081344\tools\bin/../lib/gcc/arm-none-eabi/13.3.1/../../../../arm-none-eabi/include/c++/13.3.1/bits/move.h:97:5:constexpr typename std::remove_reference<_Tp>::type&& std::move(_Tp&&) [with _Tp = float*&]	16	static
C:\ST\STM32CubeIDE_1.19.0\STM32CubeIDE\plugins\com.st.stm32cube.ide.mcu.externaltools.gnu-tools-for-stm32.13.3.rel1.win32_1.0.0.202411081344\tools\bin/../lib/gcc/arm-none-eabi/13.3.1/../../../../arm-none-eabi/include/c++/13.3.1/bits/move.h:97:5:constexpr typename std::remove_reference<_Tp>::type&& std::move(_Tp&&) [with _Tp = int&]	16	static
C:\ST\STM32CubeIDE_1.19.0\STM32CubeIDE\plugins\com.st.stm32cube.ide.mcu.externaltools.gnu-tools-for-stm32.13.3.rel1.win32_1.0.0.202411081344\tools\bin/../lib/gcc/arm-none-eabi/13.3.1/../../../../arm-none-eabi/include/c++/13.3.1/bits/stl_algobase.h:397:2:static void std::__copy_move<false, false, std::random_access_iterator_tag>::__assign_one(_Tp*, _Up*) [with _Tp = float; _Up = const float]	16	static
C:\ST\STM32CubeIDE_1.19.0\STM32CubeIDE\plugins\com.st.stm32cube.ide.mcu.externaltools.gnu-tools-for-stm32.13.3.rel1.win32_1.0.0.202411081344\tools\bin/../lib/gcc/arm-none-eabi/13.3.1/../../../../arm-none-eabi/include/c++/13.3.1/bits/stl_algobase.h:497:5:constexpr _OI std::__copy_move_a2(_II, _II, _OI) [with bool _IsMove = false; _II = const int*; _OI = int*]	24	static
C:\ST\STM32CubeIDE_1.19.0\STM32CubeIDE\plugins\com.st.stm32cube.ide.mcu.externaltools.gnu-tools-for-stm32.13.3.rel1.win32_1.0.0.202411081344\tools\bin/../lib/gcc/arm-none-eabi/13.3.1/../../../../arm-none-eabi/include/c++/13.3.1/bits/stl_vector.h:992:7:constexpr std::vector<_Tp, _Alloc>::size_type std::vector<_Tp, _Alloc>::size() const [with _Tp = int; _Alloc = std::allocator<int>]	16	static
C:\ST\STM32CubeIDE_1.19.0\STM32CubeIDE\plugins\com.st.stm32cube.ide.mcu.externaltools.gnu-tools-for-stm32.13.3.rel1.win32_1.0.0.202411081344\tools\bin/../lib/gcc/arm-none-eabi/13.3.1/../../../../arm-none-eabi/include/c++/13.3.1/bits/stl_vector.h:333:7:constexpr std::_Vector_base<_Tp, _Alloc>::_Vector_base(std::size_t, const allocator_type&) [with _Tp = int; _Alloc = std::allocator<int>]	24	static
C:\ST\STM32CubeIDE_1.19.0\STM32CubeIDE\plugins\com.st.stm32cube.ide.mcu.externaltools.gnu-tools-for-stm32.13.3.rel1.win32_1.0.0.202411081344\tools\bin/../lib/gcc/arm-none-eabi/13.3.1/../../../../arm-none-eabi/include/c++/13.3.1/bits/stl_vector.h:883:7:constexpr std::vector<_Tp, _Alloc>::const_iterator std::vector<_Tp, _Alloc>::begin() const [with _Tp = int; _Alloc = std::allocator<int>]	24	static
C:\ST\STM32CubeIDE_1.19.0\STM32CubeIDE\plugins\com.st.stm32cube.ide.mcu.externaltools.gnu-tools-for-stm32.13.3.rel1.win32_1.0.0.202411081344\tools\bin/../lib/gcc/arm-none-eabi/13.3.1/../../../../arm-none-eabi/include/c++/13.3.1/bits/stl_vector.h:903:7:constexpr std::vector<_Tp, _Alloc>::const_iterator std::vector<_Tp, _Alloc>::end() const [with _Tp = int; _Alloc = std::allocator<int>]	24	static
C:\ST\STM32CubeIDE_1.19.0\STM32CubeIDE\plugins\com.st.stm32cube.ide.mcu.externaltools.gnu-tools-for-stm32.13.3.rel1.win32_1.0.0.202411081344\tools\arm-none-eabi\include\c++\13.3.1\bits\stl_uninitialized.h:366:5:constexpr _ForwardIterator std::__uninitialized_copy_a(_InputIterator, _InputIterator, _ForwardIterator, allocator<_Tp>&) [with _InputIterator = __gnu_cxx::__normal_iterator<const int*, vector<int> >; _ForwardIterator = int*; _Tp = int]	24	static
C:\ST\STM32CubeIDE_1.19.0\STM32CubeIDE\plugins\com.st.stm32cube.ide.mcu.externaltools.gnu-tools-for-stm32.13.3.rel1.win32_1.0.0.202411081344\tools\bin/../lib/gcc/arm-none-eabi/13.3.1/../../../../arm-none-eabi/include/c++/13.3.1/bits/stl_algobase.h:383:2:static constexpr _OI std::__copy_move<false, false, std::random_access_iterator_tag>::__copy_m(_II, _II, _OI) [with _II = const int*; _OI = int*]	32	static
C:\ST\STM32CubeIDE_1.19.0\STM32CubeIDE\plugins\com.st.stm32cube.ide.mcu.externaltools.gnu-tools-for-stm32.13.3.rel1.win32_1.0.0.202411081344\tools\bin/../lib/gcc/arm-none-eabi/13.3.1/../../../../arm-none-eabi/include/c++/13.3.1/bits/stl_algobase.h:433:2:static constexpr _Up* std::__copy_move<_IsMove, true, std::random_access_iterator_tag>::__copy_m(_Tp*, _Tp*, _Up*) [with _Tp = const int; _Up = int; bool _IsMove = false]	32	static
C:\ST\STM32CubeIDE_1.19.0\STM32CubeIDE\plugins\com.st.stm32cube.ide.mcu.externaltools.gnu-tools-for-stm32.13.3.rel1.win32_1.0.0.202411081344\tools\bin/../lib/gcc/arm-none-eabi/13.3.1/../../../../arm-none-eabi/include/c++/13.3.1/bits/stl_vector.h:396:7:constexpr void std::_Vector_base<_Tp, _Alloc>::_M_create_storage(std::size_t) [with _Tp = int; _Alloc = std::allocator<int>]	16	static
C:\ST\STM32CubeIDE_1.19.0\STM32CubeIDE\plugins\com.st.stm32cube.ide.mcu.externaltools.gnu-tools-for-stm32.13.3.rel1.win32_1.0.0.202411081344\tools\bin/../lib/gcc/arm-none-eabi/13.3.1/../../../../arm-none-eabi/include/c++/13.3.1/bits/stl_iterator.h:1076:7:constexpr __gnu_cxx::__normal_iterator<_Iterator, _Container>::__normal_iterator(const _Iterator&) [with _Iterator = const int*; _Container = std::vector<int>]	16	static
C:\ST\STM32CubeIDE_1.19.0\STM32CubeIDE\plugins\com.st.stm32cube.ide.mcu.externaltools.gnu-tools-for-stm32.13.3.rel1.win32_1.0.0.202411081344\tools\bin/../lib/gcc/arm-none-eabi/13.3.1/../../../../arm-none-eabi/include/c++/13.3.1/bits/stl_iterator.h:1197:5:constexpr bool __gnu_cxx::operator==(const __normal_iterator<_Iterator, _Container>&, const __normal_iterator<_Iterator, _Container>&) requires requires{{__gnu_cxx::operator==::__lhs->base() == __gnu_cxx::operator==::__rhs->base()} -> decltype(auto) [requires std::convertible_to<<placeholder>, bool>];} [with _Iterator = const int*; _Container = std::vector<int>]	24	static
C:\ST\STM32CubeIDE_1.19.0\STM32CubeIDE\plugins\com.st.stm32cube.ide.mcu.externaltools.gnu-tools-for-stm32.13.3.rel1.win32_1.0.0.202411081344\tools\bin/../lib/gcc/arm-none-eabi/13.3.1/../../../../arm-none-eabi/include/c++/13.3.1/bits/stl_iterator.h:1162:7:constexpr const _Iterator& __gnu_cxx::__normal_iterator<_Iterator, _Container>::base() const [with _Iterator = const int*; _Container = std::vector<int>]	16	static
C:\ST\STM32CubeIDE_1.19.0\STM32CubeIDE\plugins\com.st.stm32cube.ide.mcu.externaltools.gnu-tools-for-stm32.13.3.rel1.win32_1.0.0.202411081344\tools\arm-none-eabi\include\c++\13.3.1\bits\stl_uninitialized.h:113:5:constexpr _ForwardIterator std::__do_uninit_copy(_InputIterator, _InputIterator, _ForwardIterator) [with _InputIterator = __gnu_cxx::__normal_iterator<const int*, vector<int> >; _ForwardIterator = int*]	40	static
C:\ST\STM32CubeIDE_1.19.0\STM32CubeIDE\plugins\com.st.stm32cube.ide.mcu.externaltools.gnu-tools-for-stm32.13.3.rel1.win32_1.0.0.202411081344\tools\arm-none-eabi\include\c++\13.3.1\bits\stl_uninitialized.h:163:5:_ForwardIterator std::uninitialized_copy(_InputIterator, _InputIterator, _ForwardIterator) [with _InputIterator = __gnu_cxx::__normal_iterator<const int*, vector<int> >; _ForwardIterator = int*]	32	static
C:\ST\STM32CubeIDE_1.19.0\STM32CubeIDE\plugins\com.st.stm32cube.ide.mcu.externaltools.gnu-tools-for-stm32.13.3.rel1.win32_1.0.0.202411081344\tools\bin/../lib/gcc/arm-none-eabi/13.3.1/../../../../arm-none-eabi/include/c++/13.3.1/bits/stl_algobase.h:397:2:static void std::__copy_move<false, false, std::random_access_iterator_tag>::__assign_one(_Tp*, _Up*) [with _Tp = int; _Up = const int]	16	static
C:\ST\STM32CubeIDE_1.19.0\STM32CubeIDE\plugins\com.st.stm32cube.ide.mcu.externaltools.gnu-tools-for-stm32.13.3.rel1.win32_1.0.0.202411081344\tools\bin/../lib/gcc/arm-none-eabi/13.3.1/../../../../arm-none-eabi/include/c++/13.3.1/bits/stl_iterator.h:1109:7:constexpr __gnu_cxx::__normal_iterator<_Iterator, _Container>& __gnu_cxx::__normal_iterator<_Iterator, _Container>::operator++() [with _Iterator = const int*; _Container = std::vector<int>]	16	static
C:\ST\STM32CubeIDE_1.19.0\STM32CubeIDE\plugins\com.st.stm32cube.ide.mcu.externaltools.gnu-tools-for-stm32.13.3.rel1.win32_1.0.0.202411081344\tools\bin/../lib/gcc/arm-none-eabi/13.3.1/../../../../arm-none-eabi/include/c++/13.3.1/bits/stl_iterator.h:1099:7:constexpr __gnu_cxx::__normal_iterator<_Iterator, _Container>::reference __gnu_cxx::__normal_iterator<_Iterator, _Container>::operator*() const [with _Iterator = const int*; _Container = std::vector<int>]	16	static
C:\ST\STM32CubeIDE_1.19.0\STM32CubeIDE\plugins\com.st.stm32cube.ide.mcu.externaltools.gnu-tools-for-stm32.13.3.rel1.win32_1.0.0.202411081344\tools\arm-none-eabi\include\c++\13.3.1\bits\stl_uninitialized.h:145:9:static _ForwardIterator std::__uninitialized_copy<true>::__uninit_copy(_InputIterator, _InputIterator, _ForwardIterator) [with _InputIterator = __gnu_cxx::__normal_iterator<const int*, std::vector<int> >; _ForwardIterator = int*]	24	static
C:\ST\STM32CubeIDE_1.19.0\STM32CubeIDE\plugins\com.st.stm32cube.ide.mcu.externaltools.gnu-tools-for-stm32.13.3.rel1.win32_1.0.0.202411081344\tools\bin/../lib/gcc/arm-none-eabi/13.3.1/../../../../arm-none-eabi/include/c++/13.3.1/bits/stl_algobase.h:624:5:constexpr _OI std::copy(_II, _II, _OI) [with _II = __gnu_cxx::__normal_iterator<const int*, vector<int> >; _OI = int*]	32	static
C:\ST\STM32CubeIDE_1.19.0\STM32CubeIDE\plugins\com.st.stm32cube.ide.mcu.externaltools.gnu-tools-for-stm32.13.3.rel1.win32_1.0.0.202411081344\tools\arm-none-eabi\include\c++\13.3.1\bits\cpp_type_traits.h:607:5:constexpr _Iterator std::__miter_base(_Iterator) [with _Iterator = __gnu_cxx::__normal_iterator<const int*, vector<int> >]	16	static
C:\ST\STM32CubeIDE_1.19.0\STM32CubeIDE\plugins\com.st.stm32cube.ide.mcu.externaltools.gnu-tools-for-stm32.13.3.rel1.win32_1.0.0.202411081344\tools\bin/../lib/gcc/arm-none-eabi/13.3.1/../../../../arm-none-eabi/include/c++/13.3.1/bits/stl_algobase.h:538:5:constexpr _OI std::__copy_move_a(_II, _II, _OI) [with bool _IsMove = false; _II = __gnu_cxx::__normal_iterator<const int*, vector<int> >; _OI = int*]	32	static
C:\ST\STM32CubeIDE_1.19.0\STM32CubeIDE\plugins\com.st.stm32cube.ide.mcu.externaltools.gnu-tools-for-stm32.13.3.rel1.win32_1.0.0.202411081344\tools\bin/../lib/gcc/arm-none-eabi/13.3.1/../../../../arm-none-eabi/include/c++/13.3.1/bits/stl_iterator.h:1357:5:constexpr _Iterator std::__niter_base(__gnu_cxx::__normal_iterator<_Iterator, _Container>) [with _Iterator = const int*; _Container = vector<int>]	16	static
../AltitudePredictionFilter/EverestTask.cpp:1625:1:void __static_initialization_and_destruction_0()	16	static
../AltitudePredictionFilter/EverestTask.cpp:1625:1:cpp)	8	static
